<html>
<body>
<pre>
<h1>礦ision Build Log</h1>
<h2>Tool Versions:</h2>
IDE-Version: μVision V5.22.0.0
Copyright (C) 2016 ARM Ltd and ARM Germany GmbH. All rights reserved.
License Information: 13 adm, 23, LIC=50D8T-RN8HJ-C23L6-DRGB3-L12VN-61PAY
 
Tool Versions:
Toolchain:       MDK-ARM Professional  Version: 5.22
Toolchain Path:  C:\Keil_v5\ARM\ARMCC\Bin
C Compiler:      Armcc.exe V5.06 update 4 (build 422)
Assembler:       Armasm.exe V5.06 update 4 (build 422)
Linker/Locator:  ArmLink.exe V5.06 update 4 (build 422)
Library Manager: ArmAr.exe V5.06 update 4 (build 422)
Hex Converter:   FromElf.exe V5.06 update 4 (build 422)
CPU DLL:         SARMCM3.DLL V5.22
Dialog DLL:      DCM.DLL V1.13.9.0
Target DLL:      UL2CM3.DLL V1.159.0.0
Dialog DLL:      TCM.DLL V1.21.0.0
 
<h2>Project:</h2>
V:\software\m3_for_arty_a7\Build_Keil\m3_for_arty_a7.uvprojx
Project File Date:  05/20/2021

<h2>Output:</h2>
*** Using Compiler 'V5.06 update 4 (build 422)', folder: 'C:\Keil_v5\ARM\ARMCC\Bin'
Build target 'm3_for_arty_a7'
compiling EXIN_HMI.c...
..\EXIN_HMI\EXIN_HMI.h(40): warning:  #1295-D: Deprecated declaration screen_PAGE_clr - give arg types
  void screen_PAGE_clr();
..\EXIN_HMI\EXIN_HMI.h(41): warning:  #1295-D: Deprecated declaration instru_deal - give arg types
  void instru_deal();
..\EXIN_HMI\EXIN_HMI.h(46): warning:  #1-D: last line of file ends without a newline
  #endif
..\sdk_workspace\standalone_bsp_0\Cortex_M3_0\include\xil_assert.h(195): warning:  #1-D: last line of file ends without a newline
  */
V:\software\m3_for_arty_a7\sdk_workspace\standalone_bsp_0\Cortex_M3_0\libsrc\Exin_beep_v1_0\src\Exin_beep.h(79): warning:  #1295-D: Deprecated declaration EXIN_BEEP_Init - give arg types
  void EXIN_BEEP_Init();
V:\software\m3_for_arty_a7\sdk_workspace\standalone_bsp_0\Cortex_M3_0\libsrc\Exin_MPU6050_GYXX_v1_0\src\Exin_MPU6050_GYXX.h(100): warning:  #1295-D: Deprecated declaration EXIN_MPU_Init - give arg types
  void EXIN_MPU_Init();
V:\software\m3_for_arty_a7\sdk_workspace\standalone_bsp_0\Cortex_M3_0\libsrc\Exin_MPU6050_GYXX_v1_0\src\Exin_MPU6050_GYXX.h(101): warning:  #1295-D: Deprecated declaration EXIN_MPU_Deal - give arg types
  void EXIN_MPU_Deal();
V:\software\m3_for_arty_a7\sdk_workspace\standalone_bsp_0\Cortex_M3_0\libsrc\Exin_Timer_v1_0\src\Exin_Timer.h(94): warning:  #1295-D: Deprecated declaration EXIN_TIMER_Init - give arg types
  void EXIN_TIMER_Init();
V:\software\m3_for_arty_a7\sdk_workspace\standalone_bsp_0\Cortex_M3_0\libsrc\Exin_Timer_v1_0\src\Exin_Timer.h(97): warning:  #1295-D: Deprecated declaration EXIN_TIMER_GetTime - give arg types
  int EXIN_TIMER_GetTime();
V:\software\m3_for_arty_a7\sdk_workspace\standalone_bsp_0\Cortex_M3_0\libsrc\Exin_dht11_v1_0\src\Exin_dht11.h(85): warning:  #1295-D: Deprecated declaration EXIN_DHT_Init - give arg types
  void EXIN_DHT_Init();
V:\software\m3_for_arty_a7\sdk_workspace\standalone_bsp_0\Cortex_M3_0\libsrc\Exin_dht11_v1_0\src\Exin_dht11.h(86): warning:  #1295-D: Deprecated declaration EXIN_DHT_Read - give arg types
  void EXIN_DHT_Read();
V:\software\m3_for_arty_a7\sdk_workspace\standalone_bsp_0\Cortex_M3_0\libsrc\Exin_StepCounter_debug_v1_0\src\Exin_StepCounter_debug.h(102): warning:  #1295-D: Deprecated declaration EXIN_STEPCOUNTER_Get - give arg types
  void EXIN_STEPCOUNTER_Get();
V:\software\m3_for_arty_a7\sdk_workspace\standalone_bsp_0\Cortex_M3_0\libsrc\Exin_noliner2_v1_0\src\Exin_noliner2.h(103): warning:  #1295-D: Deprecated declaration EXIN_NOLINER_Init - give arg types
  void EXIN_NOLINER_Init();
V:\software\m3_for_arty_a7\sdk_workspace\standalone_bsp_0\Cortex_M3_0\libsrc\Exin_noliner2_v1_0\src\Exin_noliner2.h(105): warning:  #1295-D: Deprecated declaration EXIN_NOLINER_Calculate - give arg types
  void EXIN_NOLINER_Calculate();
V:\software\m3_for_arty_a7\sdk_workspace\standalone_bsp_0\Cortex_M3_0\libsrc\Exin_noliner2_v1_0\src\Exin_noliner2.h(106): warning:  #1295-D: Deprecated declaration EXIN_NOLINER_Test - give arg types
  void EXIN_NOLINER_Test();
V:\software\m3_for_arty_a7\sdk_workspace\standalone_bsp_0\Cortex_M3_0\libsrc\Exin_ADC0832_v1_0\src\Exin_ADC0832.h(79): warning:  #1295-D: Deprecated declaration EXIN_ADC_Init - give arg types
  void EXIN_ADC_Init();
V:\software\m3_for_arty_a7\sdk_workspace\standalone_bsp_0\Cortex_M3_0\libsrc\Exin_ADC0832_v1_0\src\Exin_ADC0832.h(80): warning:  #1295-D: Deprecated declaration EXIN_ADC_RCV - give arg types
  int EXIN_ADC_RCV();
V:\software\m3_for_arty_a7\sdk_workspace\standalone_bsp_0\Cortex_M3_0\libsrc\Exin_MAXMIN2_v1_0\src\Exin_MAXMIN2.h(87): warning:  #1295-D: Deprecated declaration EXIN_MAXMIN_Init - give arg types
  void EXIN_MAXMIN_Init();
V:\software\m3_for_arty_a7\sdk_workspace\standalone_bsp_0\Cortex_M3_0\libsrc\Exin_HeartFre2_v1_0\src\Exin_HeartFre2.h(99): warning:  #1295-D: Deprecated declaration EXIN_HEART_Init - give arg types
  void EXIN_HEART_Init();
V:\software\m3_for_arty_a7\sdk_workspace\standalone_bsp_0\Cortex_M3_0\libsrc\Exin_HeartFre2_v1_0\src\Exin_HeartFre2.h(100): warning:  #1295-D: Deprecated declaration EXIN_HEART_Rcv - give arg types
  int EXIN_HEART_Rcv();
V:\software\m3_for_arty_a7\sdk_workspace\standalone_bsp_0\Cortex_M3_0\libsrc\Exin_HeartFre2_v1_0\src\Exin_HeartFre2.h(102): warning:  #1295-D: Deprecated declaration EXIN_HEART_Check - give arg types
  int EXIN_HEART_Check();
..\EXIN_HMI\EXIN_HMI.c(137): warning:  #223-D: function "sprintf" declared implicitly
  					sprintf( txt, "PAGE:%d\n", ID_PAGE );
..\EXIN_HMI\EXIN_HMI.c(152): warning:  #223-D: function "sprintf" declared implicitly
  					sprintf( txt, "LED_ID:%d LED_num:%d\n",LED_ID,(int)(LED_num) );
..\EXIN_HMI\EXIN_HMI.c(166): warning:  #223-D: function "sprintf" declared implicitly
  					sprintf( txt, "PAGE:%d  BUTTON:%d\n", ID_PAGE, ID_BUTTON );
..\EXIN_HMI\EXIN_HMI.c(302): warning:  #223-D: function "sprintf" declared implicitly
  		sprintf(txt, "dim=25");
..\EXIN_HMI\EXIN_HMI.c(337): warning:  #223-D: function "sprintf" declared implicitly
  		sprintf(txt, "dim = %d",screen.light);
..\EXIN_HMI\EXIN_HMI.c(378): warning:  #223-D: function "sprintf" declared implicitly
  		sprintf(txt, "t0.txt=\"%d:%d:%d\"",hour,min,sec);
..\EXIN_HMI\EXIN_HMI.c(387): warning:  #223-D: function "EXIN_IO_PRINTER_Print" declared implicitly
  			EXIN_IO_PRINTER_Print(1);
..\EXIN_HMI\EXIN_HMI.c(408): warning:  #223-D: function "sprintf" declared implicitly
  			sprintf(txt, "t0.txt=\" \"");
..\EXIN_HMI\EXIN_HMI.c(436): warning:  #223-D: function "sprintf" declared implicitly
  		sprintf(txt, "t0.txt=\"%d\"", hour);
..\EXIN_HMI\EXIN_HMI.c(462): warning:  #223-D: function "sprintf" declared implicitly
  		sprintf(txt, "z0.val=%d", (int)PITCH);
..\EXIN_HMI\EXIN_HMI.c(522): warning:  #223-D: function "sprintf" declared implicitly
  		sprintf(txt, "t2.txt=\"%.2f\"", PITCH);
..\EXIN_HMI\EXIN_HMI.c(592): warning:  #223-D: function "sprintf" declared implicitly
  		sprintf(txt, "t0.txt=\"%d.%d\'C\"", DHT_TMPH, DHT_TMPL);
..\EXIN_HMI\EXIN_HMI.c(634): warning:  #223-D: function "sprintf" declared implicitly
  		sprintf(txt, "t0.txt=\"%d\"", n_step);
..\EXIN_HMI\EXIN_HMI.c(659): warning:  #223-D: function "sprintf" declared implicitly
  		sprintf(txt, "t2.txt=\"%d\"", PULL_UP + JMP_UP);
..\EXIN_HMI\EXIN_HMI.c(673): warning:  #223-D: function "sprintf" declared implicitly
  		sprintf(txt, "t4.txt=\"%d\"", now_time);
..\EXIN_HMI\EXIN_HMI.c(763): warning:  #223-D: function "sprintf" declared implicitly
  		sprintf(txt, "t4.txt=\"%d\"", now_time);
..\EXIN_HMI\EXIN_HMI.c(833): warning:  #223-D: function "sprintf" declared implicitly
  			sprintf(txt, "p1.pic=%d", screen.lignt_state + 22);
..\EXIN_HMI\EXIN_HMI.c(842): warning:  #223-D: function "sprintf" declared implicitly
  			sprintf(txt, "b3.txt=\"OPEN\"");
..\EXIN_HMI\EXIN_HMI.c(849): warning:  #223-D: function "sprintf" declared implicitly
  			sprintf(txt, "b3.txt=\"CLOSE\"");
..\EXIN_HMI\EXIN_HMI.c(861): warning:  #223-D: function "sprintf" declared implicitly
  				sprintf(txt, "b0.txt=\"%d\%\"", screen.light);
..\EXIN_HMI\EXIN_HMI.c(861): warning:  #192-D: unrecognized character escape sequence
  				sprintf(txt, "b0.txt=\"%d\%\"", screen.light);
..\EXIN_HMI\EXIN_HMI.c(867): warning:  #223-D: function "sprintf" declared implicitly
  				sprintf(txt, "b0.txt=\"%d\%\"", screen.light);
..\EXIN_HMI\EXIN_HMI.c(867): warning:  #192-D: unrecognized character escape sequence
  				sprintf(txt, "b0.txt=\"%d\%\"", screen.light);
..\EXIN_HMI\EXIN_HMI.c(874): warning:  #223-D: function "sprintf" declared implicitly
  			sprintf(txt, "p1.pic=%d", screen.lignt_state + 21);
..\EXIN_HMI\EXIN_HMI.c(893): warning:  #223-D: function "sprintf" declared implicitly
  				sprintf(txt, "b2.txt=\"CLOSED\"");
..\EXIN_HMI\EXIN_HMI.c(900): warning:  #223-D: function "sprintf" declared implicitly
  				sprintf(txt, "b2.txt=\"OPEN\"");
..\EXIN_HMI\EXIN_HMI.c(904): warning:  #223-D: function "sprintf" declared implicitly
  			sprintf(txt, "p3.pic=%d", 28 - screen.voice);
..\EXIN_HMI\EXIN_HMI.c(949): warning:  #223-D: function "sprintf" declared implicitly
  			sprintf(txt, "vis t3,0");
..\EXIN_HMI\EXIN_HMI.c(955): warning:  #223-D: function "sprintf" declared implicitly
  		sprintf(txt, "t1.txt=\"x:%.3f\"", PITCH);
..\EXIN_HMI\EXIN_HMI.c(992): warning:  #223-D: function "sprintf" declared implicitly
  			sprintf(txt, "t0.txt=\"MAXHR\"");
..\EXIN_HMI\EXIN_HMI.c(1005): warning:  #223-D: function "sprintf" declared implicitly
  		sprintf(txt, "s0.dis=300");
..\EXIN_HMI\EXIN_HMI.c(1104): warning:  #223-D: function "sprintf" declared implicitly
  				sprintf(txt, "t1.txt=\"Anti-Color\"");
..\EXIN_HMI\EXIN_HMI.c(1114): warning:  #223-D: function "sprintf" declared implicitly
  				sprintf(txt, "t1.txt=\"Scan\"");
..\EXIN_HMI\EXIN_HMI.c(1124): warning:  #223-D: function "sprintf" declared implicitly
  				sprintf(txt, "t1.txt=\"Normal\"");
..\EXIN_HMI\EXIN_HMI.c: 55 warnings, 0 errors
linking...
Program Size: Code=30028 RO-data=1224 RW-data=516 ZI-data=9244  
FromELF: creating hex file...
After Build - User command #1: make_hex_a7.bat
V:\software\m3_for_arty_a7\Build_Keil>call fromelf --vhx --32x1 --output bram_a7.hex objects\m3_for_arty_a7.axf 
V:\software\m3_for_arty_a7\Build_Keil>copy  objects\m3_for_arty_a7.axf bram_a7.elf 
已复制         1 个文件。
V:\software\m3_for_arty_a7\Build_Keil>call fromelf --vhx --8x1  --output qspi_a7.hex objects\m3_for_arty_a7.axf 
V:\software\m3_for_arty_a7\Build_Keil>call fromelf --bin        --output qspi_a7.bin objects\m3_for_arty_a7.axf 
V:\software\m3_for_arty_a7\Build_Keil>copy bram_a7.* ..\..\..\hardware\m3_for_arty_a7\m3_for_arty_a7 
bram_a7.elf
bram_a7.hex
已复制         2 个文件。
V:\software\m3_for_arty_a7\Build_Keil>copy qspi_a7.hex ..\..\..\hardware\m3_for_arty_a7\testbench 
已复制         1 个文件。
".\objects\m3_for_arty_a7.axf" - 0 Error(s), 55 Warning(s).

<h2>Software Packages used:</h2>

Package Vendor: ARM
                http://www.keil.com/pack/ARM.CMSIS.5.7.0.pack
                ARM::CMSIS:CORE:5.4.0
                CMSIS (Cortex Microcontroller Software Interface Standard)
   * Component: CORE Version: 5.4.0

<h2>Collection of Component include folders:</h2>
  V:\software\m3_for_arty_a7\Build_Keil\RTE\_m3_for_arty_a7
  C:\Keil_v5\ARM\PACK\ARM\CMSIS\5.7.0\CMSIS\Core\Include
  C:\Keil_v5\ARM\PACK\ARM\CMSIS\5.7.0\Device\ARM\ARMCM3\Include

<h2>Collection of Component Files used:</h2>

   * Component: ARM::CMSIS:CORE:5.4.0
Build Time Elapsed:  00:00:04
</pre>
</body>
</html>
