Component: ARM Compiler 5.06 update 4 (build 422) Tool: armlink [4d35d2]

==============================================================================

Section Cross References

    system_arty_cm3.o(.text) refers to system_arty_cm3.o(.data) for SystemCoreClock
    startup_arty_cm3.o(STACK) refers (Special) to heapauxi.o(.text) for __use_two_region_memory
    startup_arty_cm3.o(HEAP) refers (Special) to heapauxi.o(.text) for __use_two_region_memory
    startup_arty_cm3.o(RESET) refers (Special) to heapauxi.o(.text) for __use_two_region_memory
    startup_arty_cm3.o(RESET) refers to startup_arty_cm3.o(STACK) for __initial_sp
    startup_arty_cm3.o(RESET) refers to startup_arty_cm3.o(.text) for Reset_Handler
    startup_arty_cm3.o(RESET) refers to uart.o(.text) for UART0_Handler
    startup_arty_cm3.o(RESET) refers to gpio.o(.text) for GPIO0_Handler
    startup_arty_cm3.o(RESET) refers to spi.o(.text) for QSPI0_Handler
    startup_arty_cm3.o(RESET) refers to main.o(.text) for DAPLinkFittedn
    startup_arty_cm3.o(.text) refers (Special) to heapauxi.o(.text) for __use_two_region_memory
    startup_arty_cm3.o(.text) refers to system_arty_cm3.o(.text) for SystemInit
    startup_arty_cm3.o(.text) refers to __main.o(!!!main) for __main
    startup_arty_cm3.o(.text) refers to startup_arty_cm3.o(HEAP) for Heap_Mem
    startup_arty_cm3.o(.text) refers to startup_arty_cm3.o(STACK) for Stack_Mem
    outbyte.o(.text) refers to xuartlite_l.o(.text) for XUartLite_SendByte
    print.o(.text) refers to outbyte.o(.text) for outbyte
    xil_assert.o(.text) refers to xil_assert.o(.data) for Xil_AssertCallbackRoutine
    main.o(.text) refers to _printf_percent.o(.ARM.Collect$$_printf_percent$$00000000) for _printf_percent
    main.o(.text) refers to _printf_x.o(.ARM.Collect$$_printf_percent$$0000000C) for _printf_x
    main.o(.text) refers to _printf_hex_int.o(.text) for _printf_longlong_hex
    main.o(.text) refers to _printf_i.o(.ARM.Collect$$_printf_percent$$00000008) for _printf_i
    main.o(.text) refers to _printf_s.o(.ARM.Collect$$_printf_percent$$00000014) for _printf_s
    main.o(.text) refers to _printf_dec.o(.text) for _printf_int_dec
    main.o(.text) refers to _printf_str.o(.text) for _printf_str
    main.o(.text) refers to _printf_d.o(.ARM.Collect$$_printf_percent$$00000009) for _printf_d
    main.o(.text) refers to rt_memcpy_w.o(.text) for __aeabi_memcpy4
    main.o(.text) refers to uart.o(.text) for InitialiseUART
    main.o(.text) refers to gpio.o(.text) for InitialiseGPIO
    main.o(.text) refers to print.o(.text) for print
    main.o(.text) refers to spi.o(.text) for InitialiseSPI
    main.o(.text) refers to strcpy.o(.text) for strcpy
    main.o(.text) refers to noretval__2sprintf.o(.text) for __2sprintf
    main.o(.text) refers to atomic.o(.text) for atomic_access
    main.o(.text) refers to exin_hmitx.o(.text) for UART_BT_Init
    main.o(.text) refers to exin_adc0832.o(.text) for EXIN_ADC_Init
    main.o(.text) refers to exin_mpu6050_gyxx.o(.text) for EXIN_MPU_Init
    main.o(.text) refers to exin_maxmin2.o(.text) for EXIN_MAXMIN_Init
    main.o(.text) refers to exin_heartfre2.o(.text) for EXIN_HEART_Init
    main.o(.text) refers to exin_beep.o(.text) for EXIN_BEEP_Init
    main.o(.text) refers to exin_hmi.o(.text) for screen_init
    main.o(.text) refers to exin_timer.o(.text) for EXIN_TIMER_Init
    main.o(.text) refers to exin_io_printer.o(.text) for EXIN_IO_PRINTER_Init
    main.o(.text) refers to main.o(.constdata) for .constdata
    main.o(.text) refers to exin_hmi.o(.bss) for screen
    main.o(.text) refers to ffix.o(x$fpl$ffix) for __aeabi_f2iz
    main.o(.text) refers to exin_hmi.o(.data) for BLE_FLAG
    main.o(.text) refers to exin_dht11.o(.data) for DHT_TMPH
    main.o(.text) refers to main.o(.bss) for UART_BT_DATA
    main.o(.text) refers to exin_stepcounter_debug.o(.data) for step_counter
    main.o(.text) refers to exin_mpu6050_gyxx.o(.data) for ROLL
    atomic.o(.text) refers to atomic_asm.o(.text) for atomic_test
    gpio.o(.text) refers to _printf_percent.o(.ARM.Collect$$_printf_percent$$00000000) for _printf_percent
    gpio.o(.text) refers to _printf_x.o(.ARM.Collect$$_printf_percent$$0000000C) for _printf_x
    gpio.o(.text) refers to _printf_hex_int.o(.text) for _printf_longlong_hex
    gpio.o(.text) refers to xgpio_sinit.o(.text) for XGpio_Initialize
    gpio.o(.text) refers to xgpio.o(.text) for XGpio_SetDataDirection
    gpio.o(.text) refers to xgpio_intr.o(.text) for XGpio_InterruptEnable
    gpio.o(.text) refers to noretval__2sprintf.o(.text) for __2sprintf
    gpio.o(.text) refers to uart.o(.text) for UART_DEBUG_String
    gpio.o(.text) refers to gpio.o(.bss) for Gpio_Led_DIPSw
    gpio.o(.text) refers to gpio.o(.data) for IO_PRINTER_FLAG
    spi.o(.text) refers to _printf_percent.o(.ARM.Collect$$_printf_percent$$00000000) for _printf_percent
    spi.o(.text) refers to _printf_i.o(.ARM.Collect$$_printf_percent$$00000008) for _printf_i
[...]
    .text                                    0x0000115c   Section        0  uart.o(.text)
    NVIC_ClearPendingIRQ                     0x00001427   Thumb Code    18  uart.o(.text)
    .text                                    0x0000148c   Section        0  xgpio.o(.text)
    Xil_Out32                                0x000016bd   Thumb Code     6  xgpio.o(.text)
    .text                                    0x000016cc   Section        0  xgpio_intr.o(.text)
    Xil_In32                                 0x000019ff   Thumb Code     6  xgpio_intr.o(.text)
    Xil_Out32                                0x00001a05   Thumb Code     6  xgpio_intr.o(.text)
    .text                                    0x00001a14   Section        0  xgpio_sinit.o(.text)
    .text                                    0x00001a88   Section        0  xspi.o(.text)
    StubStatusHandler                        0x00001b27   Thumb Code    26  xspi.o(.text)
    Xil_In32                                 0x000024ed   Thumb Code     6  xspi.o(.text)
    Xil_Out32                                0x000024f3   Thumb Code     6  xspi.o(.text)
    .text                                    0x00002500   Section        0  xspi_sinit.o(.text)
    .text                                    0x00002574   Section        0  xuartlite.o(.text)
    StubHandler                              0x00002575   Thumb Code    24  xuartlite.o(.text)
    Xil_In32                                 0x0000291f   Thumb Code     6  xuartlite.o(.text)
    Xil_Out32                                0x00002925   Thumb Code     6  xuartlite.o(.text)
    .text                                    0x00002938   Section        0  xuartlite_intr.o(.text)
    SendDataHandler                          0x00002a01   Thumb Code    38  xuartlite_intr.o(.text)
    ReceiveDataHandler                       0x00002a27   Thumb Code    38  xuartlite_intr.o(.text)
    Xil_Out32                                0x00002b39   Thumb Code     6  xuartlite_intr.o(.text)
    .text                                    0x00002b48   Section        0  xuartlite_l.o(.text)
    .text                                    0x00002b78   Section        0  xuartlite_sinit.o(.text)
    .text                                    0x00002be8   Section        0  xuartlite_stats.o(.text)
    .text                                    0x00002cbc   Section        0  exin_timer.o(.text)
    Xil_In32                                 0x00002d99   Thumb Code     6  exin_timer.o(.text)
    Xil_Out32                                0x00002d9f   Thumb Code     6  exin_timer.o(.text)
    .text                                    0x00002dac   Section        0  exin_beep.o(.text)
    Xil_Out32                                0x00002de5   Thumb Code     6  exin_beep.o(.text)
    .text                                    0x00002df4   Section        0  exin_mpu6050_gyxx.o(.text)
    Xil_In32                                 0x00003161   Thumb Code     6  exin_mpu6050_gyxx.o(.text)
    Xil_Out32                                0x00003167   Thumb Code     6  exin_mpu6050_gyxx.o(.text)
    .text                                    0x000031b4   Section        0  exin_adc0832.o(.text)
    Xil_Out32                                0x000031d7   Thumb Code     6  exin_adc0832.o(.text)
    .text                                    0x000031e0   Section        0  exin_maxmin2.o(.text)
    Xil_Out32                                0x00003225   Thumb Code     6  exin_maxmin2.o(.text)
    .text                                    0x00003230   Section        0  exin_dht11.o(.text)
    Xil_In32                                 0x00003279   Thumb Code     6  exin_dht11.o(.text)
    Xil_Out32                                0x0000327f   Thumb Code     6  exin_dht11.o(.text)
    .text                                    0x00003298   Section        0  exin_heartfre2.o(.text)
    Xil_Out32                                0x00003375   Thumb Code     6  exin_heartfre2.o(.text)
    .text                                    0x00003394   Section        0  breath_led.o(.text)
    .text                                    0x000033a4   Section        0  exin_stepcounter_debug.o(.text)
    Xil_Out32                                0x00003473   Thumb Code     6  exin_stepcounter_debug.o(.text)
    .text                                    0x000034a0   Section        0  exin_noliner2.o(.text)
    Xil_In32                                 0x000037b5   Thumb Code     6  exin_noliner2.o(.text)
    Xil_Out32                                0x000037bb   Thumb Code     6  exin_noliner2.o(.text)
    .text                                    0x00003850   Section        0  exin_io_printer.o(.text)
    Xil_Out32                                0x00003899   Thumb Code     6  exin_io_printer.o(.text)
    .text                                    0x000038a4   Section        0  exin_hmi.o(.text)
    .text                                    0x0000515c   Section        0  exin_hmitx.o(.text)
    Xil_Out32                                0x000051bb   Thumb Code     6  exin_hmitx.o(.text)
    .text                                    0x000051c4   Section        0  noretval__2sprintf.o(.text)
    .text                                    0x000051ec   Section        0  _printf_str.o(.text)
    .text                                    0x00005240   Section        0  _printf_dec.o(.text)
    .text                                    0x000052b8   Section        0  _printf_hex_int.o(.text)
    .text                                    0x00005310   Section        0  __printf_wp.o(.text)
    .text                                    0x0000541e   Section        0  strcpy.o(.text)
    .text                                    0x00005466   Section        0  strlen.o(.text)
    .text                                    0x000054a4   Section      100  rt_memcpy_w.o(.text)
    .text                                    0x00005508   Section       78  rt_memclr_w.o(.text)
    .text                                    0x00005556   Section        0  heapauxi.o(.text)
    .text                                    0x0000555c   Section        0  _printf_intcommon.o(.text)
    .text                                    0x0000560e   Section        0  _printf_fp_dec.o(.text)
    _fp_digits                               0x00005611   Thumb Code   428  _printf_fp_dec.o(.text)
    .text                                    0x00005a28   Section        0  _printf_char_common.o(.text)
    _printf_input_char                       0x00005a29   Thumb Code    10  _printf_char_common.o(.text)
    .text                                    0x00005a58   Section        0  _sputc.o(.text)
    .text                                    0x00005a62   Section        0  _printf_char.o(.text)
    .text                                    0x00005a90   Section        8  rt_locale_intlibspace.o(.text)
    .text                                    0x00005a98   Section      138  lludiv10.o(.text)
    .text                                    0x00005b24   Section        0  _printf_fp_infnan.o(.text)
    .text                                    0x00005ba4   Section        0  bigflt0.o(.text)
    .text                                    0x00005c80   Section        8  libspace.o(.text)
    .text                                    0x00005c88   Section       74  sys_stackheap_outer.o(.text)
    .text                                    0x00005cd2   Section        0  exit.o(.text)
    .text                                    0x00005ce4   Section      128  strcmpv7m.o(.text)
    .text                                    0x00005d64   Section        0  sys_exit.o(.text)
    .text                                    0x00005d70   Section        2  use_no_semi.o(.text)
    .text                                    0x00005d72   Section        0  indicate_semi.o(.text)
    CL$$btod_d2e                             0x00005d72   Section       62  btod.o(CL$$btod_d2e)
    CL$$btod_d2e_denorm_low                  0x00005db0   Section       70  btod.o(CL$$btod_d2e_denorm_low)
    CL$$btod_d2e_norm_op1                    0x00005df6   Section       96  btod.o(CL$$btod_d2e_norm_op1)
    CL$$btod_div_common                      0x00005e56   Section      824  btod.o(CL$$btod_div_common)
    CL$$btod_e2e                             0x0000618e   Section      198  btod.o(CL$$btod_e2e)
    CL$$btod_ediv                            0x00006254   Section       40  btod.o(CL$$btod_ediv)
    CL$$btod_emul                            0x0000627c   Section       40  btod.o(CL$$btod_emul)
    CL$$btod_mult_common                     0x000062a4   Section      580  btod.o(CL$$btod_mult_common)
    i.__ARM_fpclassify                       0x000064e8   Section        0  fpclassify.o(i.__ARM_fpclassify)
    i._is_digit                              0x00006510   Section        0  __printf_wp.o(i._is_digit)
    locale$$code                             0x00006520   Section       44  lc_numeric_c.o(locale$$code)
    x$fpl$d2f                                0x0000654c   Section       98  d2f.o(x$fpl$d2f)
    x$fpl$dadd                               0x000065b0   Section      336  daddsub_clz.o(x$fpl$dadd)
    _dadd1                                   0x000065c1   Thumb Code     0  daddsub_clz.o(x$fpl$dadd)
    x$fpl$dcmpinf                            0x00006700   Section       24  dcmpi.o(x$fpl$dcmpinf)
    x$fpl$ddiv                               0x00006718   Section      688  ddiv.o(x$fpl$ddiv)
    ddiv_entry                               0x0000671f   Thumb Code     0  ddiv.o(x$fpl$ddiv)
    x$fpl$dfix                               0x000069c8   Section       94  dfix.o(x$fpl$dfix)
    x$fpl$dflt                               0x00006a26   Section       46  dflt_clz.o(x$fpl$dflt)
    x$fpl$dfltu                              0x00006a54   Section       38  dflt_clz.o(x$fpl$dfltu)
    x$fpl$dleqf                              0x00006a7c   Section      120  dleqf.o(x$fpl$dleqf)
    x$fpl$dmul                               0x00006af4   Section      340  dmul.o(x$fpl$dmul)
    x$fpl$dnaninf                            0x00006c48   Section      156  dnaninf.o(x$fpl$dnaninf)
    x$fpl$dretinf                            0x00006ce4   Section       12  dretinf.o(x$fpl$dretinf)
    x$fpl$drleqf                             0x00006cf0   Section      108  drleqf.o(x$fpl$drleqf)
    x$fpl$dsub                               0x00006d5c   Section      468  daddsub_clz.o(x$fpl$dsub)
    _dsub1                                   0x00006d6d   Thumb Code     0  daddsub_clz.o(x$fpl$dsub)
    x$fpl$f2d                                0x00006f30   Section       86  f2d.o(x$fpl$f2d)
    x$fpl$fadd                               0x00006f88   Section      196  faddsub_clz.o(x$fpl$fadd)
    _fadd1                                   0x00006f97   Thumb Code     0  faddsub_clz.o(x$fpl$fadd)
    x$fpl$fcmpinf                            0x0000704c   Section       24  fcmpi.o(x$fpl$fcmpinf)
    x$fpl$fdiv                               0x00007064   Section      388  fdiv.o(x$fpl$fdiv)
    _fdiv1                                   0x00007065   Thumb Code     0  fdiv.o(x$fpl$fdiv)
    x$fpl$ffix                               0x000071e8   Section       54  ffix.o(x$fpl$ffix)
    x$fpl$ffixu                              0x00007220   Section       62  ffixu.o(x$fpl$ffixu)
    x$fpl$fflt                               0x00007260   Section       48  fflt_clz.o(x$fpl$fflt)
    x$fpl$ffltu                              0x00007290   Section       38  fflt_clz.o(x$fpl$ffltu)
    x$fpl$fleqf                              0x000072b8   Section      104  fleqf.o(x$fpl$fleqf)
    x$fpl$fmul                               0x00007320   Section      258  fmul.o(x$fpl$fmul)
    x$fpl$fnaninf                            0x00007422   Section      140  fnaninf.o(x$fpl$fnaninf)
    x$fpl$fretinf                            0x000074ae   Section       10  fretinf.o(x$fpl$fretinf)
    x$fpl$frleqf                             0x000074b8   Section       98  frleqf.o(x$fpl$frleqf)
    x$fpl$fsub                               0x0000751c   Section      234  faddsub_clz.o(x$fpl$fsub)
    _fsub1                                   0x0000752b   Thumb Code     0  faddsub_clz.o(x$fpl$fsub)
    x$fpl$printf1                            0x00007606   Section        4  printf1.o(x$fpl$printf1)
    x$fpl$usenofp                            0x0000760a   Section        0  usenofp.o(x$fpl$usenofp)
    .constdata                               0x0000760c   Section       32  main.o(.constdata)
    .constdata                               0x0000762c   Section       40  _printf_hex_int.o(.constdata)
    uc_hextab                                0x0000762c   Data          20  _printf_hex_int.o(.constdata)
    lc_hextab                                0x00007640   Data          20  _printf_hex_int.o(.constdata)
    .constdata                               0x00007654   Section      148  bigflt0.o(.constdata)
    tenpwrs_x                                0x00007654   Data          60  bigflt0.o(.constdata)
    tenpwrs_i                                0x00007690   Data          64  bigflt0.o(.constdata)
    .conststring                             0x000076e8   Section       75  xgpio.o(.conststring)
    .conststring                             0x00007734   Section       80  xgpio_intr.o(.conststring)
    .conststring                             0x00007784   Section       81  xgpio_sinit.o(.conststring)
    .conststring                             0x000077d8   Section       73  xspi.o(.conststring)
    .conststring                             0x00007824   Section       79  xspi_sinit.o(.conststring)
    .conststring                             0x00007874   Section       83  xuartlite.o(.conststring)
    .conststring                             0x000078c8   Section       88  xuartlite_intr.o(.conststring)
    .conststring                             0x00007920   Section       89  xuartlite_sinit.o(.conststring)
    .conststring                             0x0000797c   Section       89  xuartlite_stats.o(.conststring)
    locale$$data                             0x000079f8   Section       28  lc_numeric_c.o(locale$$data)
    __lcnum_c_name                           0x000079fc   Data           2  lc_numeric_c.o(locale$$data)
    __lcnum_c_start                          0x00007a04   Data           0  lc_numeric_c.o(locale$$data)
    __lcnum_c_point                          0x00007a10   Data           0  lc_numeric_c.o(locale$$data)
    __lcnum_c_thousands                      0x00007a12   Data           0  lc_numeric_c.o(locale$$data)
    __lcnum_c_grouping                       0x00007a13   Data           0  lc_numeric_c.o(locale$$data)
    __lcnum_c_end                            0x00007a14   Data           0  lc_numeric_c.o(locale$$data)
    .data                                    0x20000000   Section        4  system_arty_cm3.o(.data)
    .data                                    0x20000004   Section       12  xil_assert.o(.data)
    Xil_AssertCallbackRoutine                0x2000000c   Data           4  xil_assert.o(.data)
    .data                                    0x20000010   Section        1  gpio.o(.data)
    .data                                    0x20000014   Section       37  uart.o(.data)
    TotalReceivedCount                       0x20000014   Data           4  uart.o(.data)
    TotalSentCount                           0x20000018   Data           4  uart.o(.data)
    TotalReceivedCount1                      0x2000001c   Data           4  uart.o(.data)
    TotalSentCount1                          0x20000020   Data           4  uart.o(.data)
    Counter                                  0x2000002e   Data           1  uart.o(.data)
    Counter_num                              0x2000002f   Data           1  uart.o(.data)
    Counter2                                 0x20000030   Data           1  uart.o(.data)
    Counter_flag                             0x20000031   Data           1  uart.o(.data)
    BytesRx                                  0x20000034   Data           4  uart.o(.data)
    endcount                                 0x20000038   Data           1  uart.o(.data)
    .data                                    0x2000003c   Section       64  xgpio_g.o(.data)
    .data                                    0x2000007c   Section      112  xspi_g.o(.data)
    .data                                    0x200000ec   Section       32  xuartlite_g.o(.data)
    .data                                    0x2000010c   Section        4  exin_timer.o(.data)
    din                                      0x2000010c   Data           4  exin_timer.o(.data)
    .data                                    0x20000110   Section       37  exin_mpu6050_gyxx.o(.data)
    .data                                    0x20000138   Section       16  exin_dht11.o(.data)
    .data                                    0x20000148   Section       32  exin_heartfre2.o(.data)
    .data                                    0x20000168   Section       60  exin_stepcounter_debug.o(.data)
    .data                                    0x200001a4   Section       96  exin_hmi.o(.data)
    BLE_SW_FLAG                              0x20000201   Data           1  exin_hmi.o(.data)
    DISPLAY_FLAG                             0x20000202   Data           1  exin_hmi.o(.data)
    MODE_FLAG                                0x20000203   Data           1  exin_hmi.o(.data)
    .bss                                     0x20000204   Section       40  main.o(.bss)
    .bss                                     0x2000022c   Section       64  gpio.o(.bss)
    Gpio_Led_DIPSw                           0x2000022c   Data          16  gpio.o(.bss)
    Gpio_RGBLed_PB                           0x2000023c   Data          16  gpio.o(.bss)
    Gpio_DAPLink                             0x2000024c   Data          16  gpio.o(.bss)
    EXIN_Gpio                                0x2000025c   Data          16  gpio.o(.bss)
    .bss                                     0x2000026c   Section      604  spi.o(.bss)
    QSPI_base                                0x2000026c   Data          92  spi.o(.bss)
    QSPI_base_tx_buf                         0x200002c8   Data         256  spi.o(.bss)
    QSPI_base_rx_buf                         0x200003c8   Data         256  spi.o(.bss)
    .bss                                     0x200004c8   Section      192  uart.o(.bss)
    UART0_instance                           0x200004c8   Data          76  uart.o(.bss)
    UART1_instance                           0x20000514   Data          76  uart.o(.bss)
    .bss                                     0x20000588   Section     4096  exin_heartfre2.o(.bss)
    .bss                                     0x20001588   Section       52  exin_hmi.o(.bss)
    .bss                                     0x200015bc   Section       96  libspace.o(.bss)
    HEAP                                     0x20001620   Section     3072  startup_arty_cm3.o(HEAP)
    Heap_Mem                                 0x20001620   Data        3072  startup_arty_cm3.o(HEAP)
    STACK                                    0x20002220   Section     1024  startup_arty_cm3.o(STACK)
    Stack_Mem                                0x20002220   Data        1024  startup_arty_cm3.o(STACK)
    __initial_sp                             0x20002620   Data           0  startup_arty_cm3.o(STACK)

    Global Symbols

    Symbol Name                              Value     Ov Type        Size  Object(Section)

    BuildAttributes$$THM_ISAv4$P$D$K$B$S$PE$A:L22UL41UL21$X:L11$S22US41US21$IEEE1$IW$USESV6$~STKCKD$USESV7$~SHL$OTIME$ROPI$IEEEJ$EBA8$UX$STANDARDLIB$REQ8$PRES8$EABIv2 0x00000000   Number         0  anon$$obj.o ABSOLUTE
    __ARM_use_no_argv                        0x00000000   Number         0  main.o ABSOLUTE
    __Vectors                                0x00000000   Data           4  startup_arty_cm3.o(RESET)
    _printf_flags                            0x00000000   Number         0  printf_stubs.o ABSOLUTE
    _printf_return_value                     0x00000000   Number         0  printf_stubs.o ABSOLUTE
    _printf_sizespec                         0x00000000   Number         0  printf_stubs.o ABSOLUTE
    _printf_widthprec                        0x00000000   Number         0  printf_stubs.o ABSOLUTE
    __ARM_exceptions_init                     - Undefined Weak Reference
    __alloca_initialize                       - Undefined Weak Reference
    __arm_preinit_                            - Undefined Weak Reference
    __cpp_initialize__aeabi_                  - Undefined Weak Reference
    __cxa_finalize                            - Undefined Weak Reference
    __sigvec_lookup                           - Undefined Weak Reference
    _atexit_init                              - Undefined Weak Reference
    _call_atexit_fns                          - Undefined Weak Reference
    _clock_init                               - Undefined Weak Reference
    _fp_trap_init                             - Undefined Weak Reference
    _fp_trap_shutdown                         - Undefined Weak Reference
    _get_lc_collate                           - Undefined Weak Reference
    _get_lc_ctype                             - Undefined Weak Reference
    _get_lc_monetary                          - Undefined Weak Reference
    _get_lc_time                              - Undefined Weak Reference
    _getenv_init                              - Undefined Weak Reference
    _handle_redirection                       - Undefined Weak Reference
    _init_alloc                               - Undefined Weak Reference
    _init_user_alloc                          - Undefined Weak Reference
    _initio                                   - Undefined Weak Reference
    _printf_mbtowc                            - Undefined Weak Reference
    _printf_post_padding                      - Undefined Weak Reference
    _printf_pre_padding                       - Undefined Weak Reference
    _printf_truncate_signed                   - Undefined Weak Reference
    _printf_truncate_unsigned                 - Undefined Weak Reference
    _rand_init                                - Undefined Weak Reference
    _signal_finish                            - Undefined Weak Reference
    _signal_init                              - Undefined Weak Reference
    _terminate_alloc                          - Undefined Weak Reference
    _terminate_user_alloc                     - Undefined Weak Reference
    _terminateio                              - Undefined Weak Reference
    __Vectors_End                            0x000000c0   Data           0  startup_arty_cm3.o(RESET)
    __Vectors_Size                           0x000000c0   Number         0  startup_arty_cm3.o ABSOLUTE
    __main                                   0x000000c1   Thumb Code     8  __main.o(!!!main)
    __scatterload                            0x000000c9   Thumb Code     0  __scatter.o(!!!scatter)
    __scatterload_rt2                        0x000000c9   Thumb Code    44  __scatter.o(!!!scatter)
    __scatterload_rt2_thumb_only             0x000000c9   Thumb Code     0  __scatter.o(!!!scatter)
    __scatterload_null                       0x000000d7   Thumb Code     0  __scatter.o(!!!scatter)
    __decompress                             0x000000fd   Thumb Code    90  __dczerorl2.o(!!dczerorl2)
    __decompress1                            0x000000fd   Thumb Code     0  __dczerorl2.o(!!dczerorl2)
    __scatterload_zeroinit                   0x00000159   Thumb Code    28  __scatter_zi.o(!!handler_zi)
    _printf_f                                0x00000175   Thumb Code     0  _printf_f.o(.ARM.Collect$$_printf_percent$$00000003)
    _printf_percent                          0x00000175   Thumb Code     0  _printf_percent.o(.ARM.Collect$$_printf_percent$$00000000)
    _printf_i                                0x0000017b   Thumb Code     0  _printf_i.o(.ARM.Collect$$_printf_percent$$00000008)
    _printf_d                                0x00000181   Thumb Code     0  _printf_d.o(.ARM.Collect$$_printf_percent$$00000009)
    _printf_x                                0x00000187   Thumb Code     0  _printf_x.o(.ARM.Collect$$_printf_percent$$0000000C)
    _printf_s                                0x0000018d   Thumb Code     0  _printf_s.o(.ARM.Collect$$_printf_percent$$00000014)
    _printf_percent_end                      0x00000193   Thumb Code     0  _printf_percent_end.o(.ARM.Collect$$_printf_percent$$00000017)
    __rt_lib_init                            0x00000197   Thumb Code     0  libinit.o(.ARM.Collect$$libinit$$00000000)
    __rt_lib_init_fp_1                       0x00000199   Thumb Code     0  libinit2.o(.ARM.Collect$$libinit$$00000002)
    __rt_lib_init_heap_1                     0x00000199   Thumb Code     0  libinit2.o(.ARM.Collect$$libinit$$0000000A)
    __rt_lib_init_lc_common                  0x00000199   Thumb Code     0  libinit2.o(.ARM.Collect$$libinit$$0000000F)
    __rt_lib_init_preinit_1                  0x00000199   Thumb Code     0  libinit2.o(.ARM.Collect$$libinit$$00000004)
    __rt_lib_init_rand_1                     0x00000199   Thumb Code     0  libinit2.o(.ARM.Collect$$libinit$$0000000E)
    __rt_lib_init_user_alloc_1               0x00000199   Thumb Code     0  libinit2.o(.ARM.Collect$$libinit$$0000000C)
    __rt_lib_init_lc_collate_1               0x0000019f   Thumb Code     0  libinit2.o(.ARM.Collect$$libinit$$00000011)
    __rt_lib_init_lc_ctype_1                 0x0000019f   Thumb Code     0  libinit2.o(.ARM.Collect$$libinit$$00000013)
    __rt_lib_init_lc_monetary_1              0x0000019f   Thumb Code     0  libinit2.o(.ARM.Collect$$libinit$$00000015)
    __rt_lib_init_lc_numeric_2               0x0000019f   Thumb Code     0  libinit2.o(.ARM.Collect$$libinit$$00000016)
    __rt_lib_init_alloca_1                   0x000001a9   Thumb Code     0  libinit2.o(.ARM.Collect$$libinit$$0000002E)
    __rt_lib_init_argv_1                     0x000001a9   Thumb Code     0  libinit2.o(.ARM.Collect$$libinit$$0000002C)
    __rt_lib_init_atexit_1                   0x000001a9   Thumb Code     0  libinit2.o(.ARM.Collect$$libinit$$0000001B)
    __rt_lib_init_clock_1                    0x000001a9   Thumb Code     0  libinit2.o(.ARM.Collect$$libinit$$00000021)
    __rt_lib_init_cpp_1                      0x000001a9   Thumb Code     0  libinit2.o(.ARM.Collect$$libinit$$00000032)
    __rt_lib_init_exceptions_1               0x000001a9   Thumb Code     0  libinit2.o(.ARM.Collect$$libinit$$00000030)
    __rt_lib_init_fp_trap_1                  0x000001a9   Thumb Code     0  libinit2.o(.ARM.Collect$$libinit$$0000001F)
    __rt_lib_init_getenv_1                   0x000001a9   Thumb Code     0  libinit2.o(.ARM.Collect$$libinit$$00000023)
    __rt_lib_init_lc_numeric_1               0x000001a9   Thumb Code     0  libinit2.o(.ARM.Collect$$libinit$$00000017)
    __rt_lib_init_lc_time_1                  0x000001a9   Thumb Code     0  libinit2.o(.ARM.Collect$$libinit$$00000019)
    __rt_lib_init_return                     0x000001a9   Thumb Code     0  libinit2.o(.ARM.Collect$$libinit$$00000033)
    __rt_lib_init_signal_1                   0x000001a9   Thumb Code     0  libinit2.o(.ARM.Collect$$libinit$$0000001D)
    __rt_lib_init_stdio_1                    0x000001a9   Thumb Code     0  libinit2.o(.ARM.Collect$$libinit$$00000025)
    __rt_lib_shutdown                        0x000001ab   Thumb Code     0  libshutdown.o(.ARM.Collect$$libshutdown$$00000000)
    __rt_lib_shutdown_cpp_1                  0x000001ad   Thumb Code     0  libshutdown2.o(.ARM.Collect$$libshutdown$$00000002)
    __rt_lib_shutdown_fp_trap_1              0x000001ad   Thumb Code     0  libshutdown2.o(.ARM.Collect$$libshutdown$$00000007)
    __rt_lib_shutdown_heap_1                 0x000001ad   Thumb Code     0  libshutdown2.o(.ARM.Collect$$libshutdown$$0000000F)
    __rt_lib_shutdown_return                 0x000001ad   Thumb Code     0  libshutdown2.o(.ARM.Collect$$libshutdown$$00000010)
    __rt_lib_shutdown_signal_1               0x000001ad   Thumb Code     0  libshutdown2.o(.ARM.Collect$$libshutdown$$0000000A)
    __rt_lib_shutdown_stdio_1                0x000001ad   Thumb Code     0  libshutdown2.o(.ARM.Collect$$libshutdown$$00000004)
    __rt_lib_shutdown_user_alloc_1           0x000001ad   Thumb Code     0  libshutdown2.o(.ARM.Collect$$libshutdown$$0000000C)
    __rt_entry                               0x000001af   Thumb Code     0  __rtentry.o(.ARM.Collect$$rtentry$$00000000)
    __rt_entry_presh_1                       0x000001af   Thumb Code     0  __rtentry2.o(.ARM.Collect$$rtentry$$00000002)
    __rt_entry_sh                            0x000001af   Thumb Code     0  __rtentry4.o(.ARM.Collect$$rtentry$$00000004)
    __rt_entry_li                            0x000001b5   Thumb Code     0  __rtentry2.o(.ARM.Collect$$rtentry$$0000000A)
    __rt_entry_postsh_1                      0x000001b5   Thumb Code     0  __rtentry2.o(.ARM.Collect$$rtentry$$00000009)
    __rt_entry_main                          0x000001b9   Thumb Code     0  __rtentry2.o(.ARM.Collect$$rtentry$$0000000D)
    __rt_entry_postli_1                      0x000001b9   Thumb Code     0  __rtentry2.o(.ARM.Collect$$rtentry$$0000000C)
    __rt_exit                                0x000001c1   Thumb Code     0  rtexit.o(.ARM.Collect$$rtexit$$00000000)
    __rt_exit_ls                             0x000001c3   Thumb Code     0  rtexit2.o(.ARM.Collect$$rtexit$$00000003)
    __rt_exit_prels_1                        0x000001c3   Thumb Code     0  rtexit2.o(.ARM.Collect$$rtexit$$00000002)
    __rt_exit_exit                           0x000001c7   Thumb Code     0  rtexit2.o(.ARM.Collect$$rtexit$$00000004)
    SystemCoreClockUpdate                    0x000001cd   Thumb Code     8  system_arty_cm3.o(.text)
    SystemInit                               0x000001d5   Thumb Code     8  system_arty_cm3.o(.text)
    Reset_Handler                            0x000001e5   Thumb Code     8  startup_arty_cm3.o(.text)
    NMI_Handler                              0x000001ed   Thumb Code     2  startup_arty_cm3.o(.text)
    HardFault_Handler                        0x000001ef   Thumb Code     2  startup_arty_cm3.o(.text)
    MemManage_Handler                        0x000001f1   Thumb Code     2  startup_arty_cm3.o(.text)
    BusFault_Handler                         0x000001f3   Thumb Code     2  startup_arty_cm3.o(.text)
    UsageFault_Handler                       0x000001f5   Thumb Code     2  startup_arty_cm3.o(.text)
    SVC_Handler                              0x000001f7   Thumb Code     2  startup_arty_cm3.o(.text)
    DebugMon_Handler                         0x000001f9   Thumb Code     2  startup_arty_cm3.o(.text)
    PendSV_Handler                           0x000001fb   Thumb Code     2  startup_arty_cm3.o(.text)
    SysTick_Handler                          0x000001fd   Thumb Code     2  startup_arty_cm3.o(.text)
    GPIO2_Handler                            0x000001ff   Thumb Code     0  startup_arty_cm3.o(.text)
    UART2_Handler                            0x000001ff   Thumb Code     0  startup_arty_cm3.o(.text)
    Unused_IRQ11                             0x000001ff   Thumb Code     0  startup_arty_cm3.o(.text)
    Unused_IRQ12                             0x000001ff   Thumb Code     0  startup_arty_cm3.o(.text)
    Unused_IRQ13                             0x000001ff   Thumb Code     0  startup_arty_cm3.o(.text)
    Unused_IRQ14                             0x000001ff   Thumb Code     0  startup_arty_cm3.o(.text)
    Unused_IRQ15                             0x000001ff   Thumb Code     0  startup_arty_cm3.o(.text)
    Unused_IRQ16                             0x000001ff   Thumb Code     0  startup_arty_cm3.o(.text)
    Unused_IRQ17                             0x000001ff   Thumb Code     0  startup_arty_cm3.o(.text)
    Unused_IRQ18                             0x000001ff   Thumb Code     0  startup_arty_cm3.o(.text)
    Unused_IRQ19                             0x000001ff   Thumb Code     0  startup_arty_cm3.o(.text)
    Unused_IRQ20                             0x000001ff   Thumb Code     0  startup_arty_cm3.o(.text)
    Unused_IRQ21                             0x000001ff   Thumb Code     0  startup_arty_cm3.o(.text)
    Unused_IRQ22                             0x000001ff   Thumb Code     0  startup_arty_cm3.o(.text)
    Unused_IRQ23                             0x000001ff   Thumb Code     0  startup_arty_cm3.o(.text)
    Unused_IRQ24                             0x000001ff   Thumb Code     0  startup_arty_cm3.o(.text)
    Unused_IRQ25                             0x000001ff   Thumb Code     0  startup_arty_cm3.o(.text)
    Unused_IRQ26                             0x000001ff   Thumb Code     0  startup_arty_cm3.o(.text)
    Unused_IRQ27                             0x000001ff   Thumb Code     0  startup_arty_cm3.o(.text)
    Unused_IRQ28                             0x000001ff   Thumb Code     0  startup_arty_cm3.o(.text)
    Unused_IRQ29                             0x000001ff   Thumb Code     0  startup_arty_cm3.o(.text)
    Unused_IRQ30                             0x000001ff   Thumb Code     0  startup_arty_cm3.o(.text)
    Unused_IRQ31                             0x000001ff   Thumb Code     0  startup_arty_cm3.o(.text)
    __user_initial_stackheap                 0x00000201   Thumb Code    10  startup_arty_cm3.o(.text)
    outbyte                                  0x00000225   Thumb Code    14  outbyte.o(.text)
    print                                    0x00000239   Thumb Code    22  print.o(.text)
    Xil_Assert                               0x00000251   Thumb Code    34  xil_assert.o(.text)
    Xil_AssertSetCallback                    0x00000273   Thumb Code     6  xil_assert.o(.text)
    XNullHandler                             0x00000279   Thumb Code     2  xil_assert.o(.text)
    main                                     0x00000285   Thumb Code  2072  main.o(.text)
    DAPLinkFittedn                           0x00000a9d   Thumb Code    24  main.o(.text)
    atomic_test                              0x00000b09   Thumb Code     0  atomic_asm.o(.text)
    atomic_access                            0x00000b15   Thumb Code    28  atomic.o(.text)
    InitialiseGPIO                           0x00000b31   Thumb Code   168  gpio.o(.text)
    EnableGPIOInterrupts                     0x00000bd9   Thumb Code    32  gpio.o(.text)
    GPIO0_Handler                            0x00000bf9   Thumb Code    64  gpio.o(.text)
    GPIO1_Handler                            0x00000c39   Thumb Code   140  gpio.o(.text)
    SetDAPLinkQSPIMode                       0x00000cc5   Thumb Code    16  gpio.o(.text)
    IncLeds                                  0x00000cd5   Thumb Code    26  gpio.o(.text)
    EXIN_GPIO_CAM_Set                        0x00000cef   Thumb Code   162  gpio.o(.text)
    EXIN_GPIO_SetMode                        0x00000d91   Thumb Code   144  gpio.o(.text)
    InitialiseSPI                            0x00000e55   Thumb Code    58  spi.o(.text)
    DisableSPIInterrupts                     0x00000e8f   Thumb Code    18  spi.o(.text)
    InitQSPIBaseFlash                        0x00000ea1   Thumb Code    76  spi.o(.text)
    WriteQSPIBaseFlash                       0x00000eed   Thumb Code   138  spi.o(.text)
    ReadQSPIBaseFlash                        0x00000f77   Thumb Code   124  spi.o(.text)
    WriteSPIData                             0x00000ff3   Thumb Code   248  spi.o(.text)
    QSPI0_Handler                            0x000010eb   Thumb Code    10  spi.o(.text)
    DAP_QSPI0_Handler                        0x000010f5   Thumb Code    10  spi.o(.text)
    DAP_SPI0_Handler                         0x000010ff   Thumb Code    10  spi.o(.text)
    DAP_QSPI_XIP_Handler                     0x00001109   Thumb Code    10  spi.o(.text)
    RecvHandler                              0x0000115d   Thumb Code    32  uart.o(.text)
    SendHandler                              0x0000117d   Thumb Code     6  uart.o(.text)
    InitialiseUART                           0x00001183   Thumb Code    56  uart.o(.text)
    RecvHandler_1                            0x000011bb   Thumb Code   186  uart.o(.text)
    SendHandler_1                            0x00001275   Thumb Code     6  uart.o(.text)
    InitialiseUART_1                         0x0000127b   Thumb Code    56  uart.o(.text)
    CheckUARTRxBytes                         0x000012b3   Thumb Code    22  uart.o(.text)
    EnableUARTInterrupts                     0x000012c9   Thumb Code    10  uart.o(.text)
    EnableUARTInterrupts_1                   0x000012d3   Thumb Code    64  uart.o(.text)
    UART_HMI_Send                            0x00001313   Thumb Code    32  uart.o(.text)
    UART_HMI_PutChar                         0x00001333   Thumb Code    14  uart.o(.text)
    UART_HMI_instru_send                     0x00001341   Thumb Code    48  uart.o(.text)
    UART_HMI_DEBUGinstru_send                0x00001371   Thumb Code    80  uart.o(.text)
    UART_DEBUG_String                        0x000013c1   Thumb Code    24  uart.o(.text)
    UART_DEBUG_PutChar                       0x000013d9   Thumb Code    14  uart.o(.text)
    UART_DEBUG_Send                          0x000013e7   Thumb Code    32  uart.o(.text)
    UART0_Handler                            0x00001407   Thumb Code    16  uart.o(.text)
    UART1_Handler                            0x00001417   Thumb Code    16  uart.o(.text)
    XGpio_CfgInitialize                      0x0000148d   Thumb Code    56  xgpio.o(.text)
    XGpio_SetDataDirection                   0x000014c5   Thumb Code   126  xgpio.o(.text)
    XGpio_GetDataDirection                   0x00001543   Thumb Code   126  xgpio.o(.text)
    XGpio_DiscreteRead                       0x000015c1   Thumb Code   126  xgpio.o(.text)
    XGpio_DiscreteWrite                      0x0000163f   Thumb Code   126  xgpio.o(.text)
    XGpio_InterruptGlobalEnable              0x000016cd   Thumb Code   110  xgpio_intr.o(.text)
    XGpio_InterruptGlobalDisable             0x0000173b   Thumb Code   108  xgpio_intr.o(.text)
    XGpio_InterruptEnable                    0x000017a7   Thumb Code   124  xgpio_intr.o(.text)
    XGpio_InterruptDisable                   0x00001823   Thumb Code   124  xgpio_intr.o(.text)
    XGpio_InterruptClear                     0x0000189f   Thumb Code   124  xgpio_intr.o(.text)
    XGpio_InterruptGetEnabled                0x0000191b   Thumb Code   112  xgpio_intr.o(.text)
    XGpio_InterruptGetStatus                 0x0000198b   Thumb Code   116  xgpio_intr.o(.text)
    XGpio_LookupConfig                       0x00001a15   Thumb Code    38  xgpio_sinit.o(.text)
    XGpio_Initialize                         0x00001a3b   Thumb Code    64  xgpio_sinit.o(.text)
    XSpi_Abort                               0x00001a89   Thumb Code    62  xspi.o(.text)
    XSpi_Reset                               0x00001ac7   Thumb Code    96  xspi.o(.text)
    XSpi_CfgInitialize                       0x00001b41   Thumb Code   374  xspi.o(.text)
    XSpi_Start                               0x00001cb7   Thumb Code   164  xspi.o(.text)
    XSpi_Stop                                0x00001d5b   Thumb Code   124  xspi.o(.text)
    XSpi_Transfer                            0x00001dd7   Thumb Code   872  xspi.o(.text)
    XSpi_SetSlaveSelect                      0x0000213f   Thumb Code   130  xspi.o(.text)
    XSpi_GetSlaveSelect                      0x000021c1   Thumb Code    76  xspi.o(.text)
    XSpi_SetStatusHandler                    0x0000220d   Thumb Code   106  xspi.o(.text)
    XSpi_InterruptHandler                    0x00002277   Thumb Code   630  xspi.o(.text)
    XSpi_LookupConfig                        0x00002501   Thumb Code    44  xspi_sinit.o(.text)
    XSpi_Initialize                          0x0000252d   Thumb Code    60  xspi_sinit.o(.text)
    XUartLite_CfgInitialize                  0x0000258d   Thumb Code    88  xuartlite.o(.text)
    XUartLite_SendBuffer                     0x000025e5   Thumb Code   126  xuartlite.o(.text)
    XUartLite_Send                           0x00002663   Thumb Code   190  xuartlite.o(.text)
    XUartLite_ReceiveBuffer                  0x00002721   Thumb Code   156  xuartlite.o(.text)
    XUartLite_Recv                           0x000027bd   Thumb Code   198  xuartlite.o(.text)
    XUartLite_ResetFifos                     0x00002883   Thumb Code   100  xuartlite.o(.text)
    XUartLite_IsSending                      0x000028e7   Thumb Code    56  xuartlite.o(.text)
    XUartLite_SetRecvHandler                 0x00002939   Thumb Code   100  xuartlite_intr.o(.text)
    XUartLite_SetSendHandler                 0x0000299d   Thumb Code   100  xuartlite_intr.o(.text)
    XUartLite_InterruptHandler               0x00002a4d   Thumb Code    72  xuartlite_intr.o(.text)
    XUartLite_DisableInterrupt               0x00002a95   Thumb Code    82  xuartlite_intr.o(.text)
    XUartLite_EnableInterrupt                0x00002ae7   Thumb Code    82  xuartlite_intr.o(.text)
    XUartLite_SendByte                       0x00002b49   Thumb Code    24  xuartlite_l.o(.text)
    XUartLite_RecvByte                       0x00002b61   Thumb Code    24  xuartlite_l.o(.text)
    XUartLite_LookupConfig                   0x00002b79   Thumb Code    38  xuartlite_sinit.o(.text)
    XUartLite_Initialize                     0x00002b9f   Thumb Code    60  xuartlite_sinit.o(.text)
    XUartLite_GetStats                       0x00002be9   Thumb Code   122  xuartlite_stats.o(.text)
    XUartLite_ClearStats                     0x00002c63   Thumb Code    82  xuartlite_stats.o(.text)
    EXIN_TIMER_Init                          0x00002cbd   Thumb Code    30  exin_timer.o(.text)
    EXIN_TIMER_Delayus                       0x00002cdb   Thumb Code    72  exin_timer.o(.text)
    EXIN_TIMER_Read                          0x00002d23   Thumb Code    72  exin_timer.o(.text)
    EXIN_TIMER_GetTime                       0x00002d6b   Thumb Code    46  exin_timer.o(.text)
    EXIN_BEEP_Init                           0x00002dad   Thumb Code    12  exin_beep.o(.text)
    EXIN_BEEP                                0x00002db9   Thumb Code    44  exin_beep.o(.text)
    EXIN_MPU_Init                            0x00002df5   Thumb Code    12  exin_mpu6050_gyxx.o(.text)
    EXIN_MPU_Deal                            0x00002e01   Thumb Code   864  exin_mpu6050_gyxx.o(.text)
    EXIN_ADC_Init                            0x000031b5   Thumb Code    20  exin_adc0832.o(.text)
    EXIN_ADC_RCV                             0x000031c9   Thumb Code    14  exin_adc0832.o(.text)
    EXIN_MAXMIN_Init                         0x000031e1   Thumb Code    20  exin_maxmin2.o(.text)
    EXIN_MAXMIN_Get                          0x000031f5   Thumb Code    48  exin_maxmin2.o(.text)
    EXIN_DHT_Init                            0x00003231   Thumb Code    20  exin_dht11.o(.text)
    EXIN_DHT_Read                            0x00003245   Thumb Code    52  exin_dht11.o(.text)
    EXIN_HEART_Init                          0x00003299   Thumb Code    20  exin_heartfre2.o(.text)
    EXIN_HEART_Rcv                           0x000032ad   Thumb Code    52  exin_heartfre2.o(.text)
    EXIN_heart_in                            0x000032e1   Thumb Code   128  exin_heartfre2.o(.text)
    EXIN_HEART_Check                         0x00003361   Thumb Code    20  exin_heartfre2.o(.text)
    BREATH_LED_Light                         0x00003395   Thumb Code    10  breath_led.o(.text)
    EXIN_STEPCOUNTER_Get                     0x000033a5   Thumb Code   206  exin_stepcounter_debug.o(.text)
    EXIN_NOLINER_Init                        0x000034a1   Thumb Code    20  exin_noliner2.o(.text)
    EXIN_NOLINER_Cal                         0x000034b5   Thumb Code   360  exin_noliner2.o(.text)
    EXIN_NOLINER_Calculate                   0x0000361d   Thumb Code   326  exin_noliner2.o(.text)
    EXIN_NOLINER_Test                        0x00003763   Thumb Code    82  exin_noliner2.o(.text)
    EXIN_IO_PRINTER_Init                     0x00003851   Thumb Code    22  exin_io_printer.o(.text)
    EXIN_IO_PRINTER_Print                    0x00003867   Thumb Code    50  exin_io_printer.o(.text)
    screen_init                              0x000038a5   Thumb Code    30  exin_hmi.o(.text)
    screen_PAGE_clr                          0x000038c3   Thumb Code    16  exin_hmi.o(.text)
    POW_10                                   0x000038d3   Thumb Code    24  exin_hmi.o(.text)
    DIV_10                                   0x000038eb   Thumb Code    38  exin_hmi.o(.text)
    instru_deal                              0x00003911   Thumb Code   544  exin_hmi.o(.text)
    EXIN_SleepCheck                          0x00003b31   Thumb Code   114  exin_hmi.o(.text)
    EXIN_HMI_Handle                          0x00003ba3   Thumb Code  5282  exin_hmi.o(.text)
    UART_BT_Init                             0x0000515d   Thumb Code    20  exin_hmitx.o(.text)
    UART_BT_PutChar                          0x00005171   Thumb Code    46  exin_hmitx.o(.text)
    UART_BT_String                           0x0000519f   Thumb Code    28  exin_hmitx.o(.text)
    __2sprintf                               0x000051c5   Thumb Code    34  noretval__2sprintf.o(.text)
    _printf_str                              0x000051ed   Thumb Code    82  _printf_str.o(.text)
    _printf_int_dec                          0x00005241   Thumb Code   104  _printf_dec.o(.text)
    _printf_int_hex                          0x000052b9   Thumb Code    84  _printf_hex_int.o(.text)
    _printf_longlong_hex                     0x000052b9   Thumb Code     0  _printf_hex_int.o(.text)
    __printf                                 0x00005311   Thumb Code   270  __printf_wp.o(.text)
    strcpy                                   0x0000541f   Thumb Code    72  strcpy.o(.text)
    strlen                                   0x00005467   Thumb Code    62  strlen.o(.text)
    __aeabi_memcpy4                          0x000054a5   Thumb Code     0  rt_memcpy_w.o(.text)
    __aeabi_memcpy8                          0x000054a5   Thumb Code     0  rt_memcpy_w.o(.text)
    __rt_memcpy_w                            0x000054a5   Thumb Code   100  rt_memcpy_w.o(.text)
    _memcpy_lastbytes_aligned                0x000054ed   Thumb Code     0  rt_memcpy_w.o(.text)
    __aeabi_memclr4                          0x00005509   Thumb Code     0  rt_memclr_w.o(.text)
    __aeabi_memclr8                          0x00005509   Thumb Code     0  rt_memclr_w.o(.text)
    __rt_memclr_w                            0x00005509   Thumb Code    78  rt_memclr_w.o(.text)
    _memset_w                                0x0000550d   Thumb Code     0  rt_memclr_w.o(.text)
    __use_two_region_memory                  0x00005557   Thumb Code     2  heapauxi.o(.text)
    __rt_heap_escrow$2region                 0x00005559   Thumb Code     2  heapauxi.o(.text)
    __rt_heap_expand$2region                 0x0000555b   Thumb Code     2  heapauxi.o(.text)
    _printf_int_common                       0x0000555d   Thumb Code   178  _printf_intcommon.o(.text)
    __lib_sel_fp_printf                      0x0000560f   Thumb Code     2  _printf_fp_dec.o(.text)
    _printf_fp_dec_real                      0x000057bd   Thumb Code   620  _printf_fp_dec.o(.text)
    _printf_char_common                      0x00005a33   Thumb Code    32  _printf_char_common.o(.text)
    _sputc                                   0x00005a59   Thumb Code    10  _sputc.o(.text)
    _printf_cs_common                        0x00005a63   Thumb Code    20  _printf_char.o(.text)
    _printf_char                             0x00005a77   Thumb Code    16  _printf_char.o(.text)
    _printf_string                           0x00005a87   Thumb Code     8  _printf_char.o(.text)
    __rt_locale                              0x00005a91   Thumb Code     8  rt_locale_intlibspace.o(.text)
    _ll_udiv10                               0x00005a99   Thumb Code   138  lludiv10.o(.text)
    _printf_fp_infnan                        0x00005b25   Thumb Code   112  _printf_fp_infnan.o(.text)
    _btod_etento                             0x00005ba5   Thumb Code   216  bigflt0.o(.text)
    __user_libspace                          0x00005c81   Thumb Code     8  libspace.o(.text)
    __user_perproc_libspace                  0x00005c81   Thumb Code     0  libspace.o(.text)
    __user_perthread_libspace                0x00005c81   Thumb Code     0  libspace.o(.text)
    __user_setup_stackheap                   0x00005c89   Thumb Code    74  sys_stackheap_outer.o(.text)
    exit                                     0x00005cd3   Thumb Code    18  exit.o(.text)
    strcmp                                   0x00005ce5   Thumb Code   128  strcmpv7m.o(.text)
    _sys_exit                                0x00005d65   Thumb Code     8  sys_exit.o(.text)
    __I$use$semihosting                      0x00005d71   Thumb Code     0  use_no_semi.o(.text)
    __use_no_semihosting_swi                 0x00005d71   Thumb Code     2  use_no_semi.o(.text)
    __semihosting_library_function           0x00005d73   Thumb Code     0  indicate_semi.o(.text)
    _btod_d2e                                0x00005d73   Thumb Code    62  btod.o(CL$$btod_d2e)
    _d2e_denorm_low                          0x00005db1   Thumb Code    70  btod.o(CL$$btod_d2e_denorm_low)
    _d2e_norm_op1                            0x00005df7   Thumb Code    96  btod.o(CL$$btod_d2e_norm_op1)
    __btod_div_common                        0x00005e57   Thumb Code   696  btod.o(CL$$btod_div_common)
    _e2e                                     0x0000618f   Thumb Code   198  btod.o(CL$$btod_e2e)
    _btod_ediv                               0x00006255   Thumb Code    40  btod.o(CL$$btod_ediv)
    _btod_emul                               0x0000627d   Thumb Code    40  btod.o(CL$$btod_emul)
    __btod_mult_common                       0x000062a5   Thumb Code   580  btod.o(CL$$btod_mult_common)
    __ARM_fpclassify                         0x000064e9   Thumb Code    40  fpclassify.o(i.__ARM_fpclassify)
    _is_digit                                0x00006511   Thumb Code    14  __printf_wp.o(i._is_digit)
    _get_lc_numeric                          0x00006521   Thumb Code    44  lc_numeric_c.o(locale$$code)
    __aeabi_d2f                              0x0000654d   Thumb Code     0  d2f.o(x$fpl$d2f)
    _d2f                                     0x0000654d   Thumb Code    98  d2f.o(x$fpl$d2f)
    __aeabi_dadd                             0x000065b1   Thumb Code     0  daddsub_clz.o(x$fpl$dadd)
    _dadd                                    0x000065b1   Thumb Code   332  daddsub_clz.o(x$fpl$dadd)
    __fpl_dcmp_Inf                           0x00006701   Thumb Code    24  dcmpi.o(x$fpl$dcmpinf)
    __aeabi_ddiv                             0x00006719   Thumb Code     0  ddiv.o(x$fpl$ddiv)
    _ddiv                                    0x00006719   Thumb Code   552  ddiv.o(x$fpl$ddiv)
    __aeabi_d2iz                             0x000069c9   Thumb Code     0  dfix.o(x$fpl$dfix)
    _dfix                                    0x000069c9   Thumb Code    94  dfix.o(x$fpl$dfix)
    __aeabi_i2d                              0x00006a27   Thumb Code     0  dflt_clz.o(x$fpl$dflt)
    _dflt                                    0x00006a27   Thumb Code    46  dflt_clz.o(x$fpl$dflt)
    __aeabi_ui2d                             0x00006a55   Thumb Code     0  dflt_clz.o(x$fpl$dfltu)
    _dfltu                                   0x00006a55   Thumb Code    38  dflt_clz.o(x$fpl$dfltu)
    __aeabi_cdcmple                          0x00006a7d   Thumb Code     0  dleqf.o(x$fpl$dleqf)
    _dcmple                                  0x00006a7d   Thumb Code   120  dleqf.o(x$fpl$dleqf)
    __fpl_dcmple_InfNaN                      0x00006adf   Thumb Code     0  dleqf.o(x$fpl$dleqf)
    __aeabi_dmul                             0x00006af5   Thumb Code     0  dmul.o(x$fpl$dmul)
    _dmul                                    0x00006af5   Thumb Code   332  dmul.o(x$fpl$dmul)
    __fpl_dnaninf                            0x00006c49   Thumb Code   156  dnaninf.o(x$fpl$dnaninf)
    __fpl_dretinf                            0x00006ce5   Thumb Code    12  dretinf.o(x$fpl$dretinf)
    __aeabi_cdrcmple                         0x00006cf1   Thumb Code     0  drleqf.o(x$fpl$drleqf)
    _drcmple                                 0x00006cf1   Thumb Code   108  drleqf.o(x$fpl$drleqf)
    __aeabi_dsub                             0x00006d5d   Thumb Code     0  daddsub_clz.o(x$fpl$dsub)
    _dsub                                    0x00006d5d   Thumb Code   464  daddsub_clz.o(x$fpl$dsub)
    __aeabi_f2d                              0x00006f31   Thumb Code     0  f2d.o(x$fpl$f2d)
    _f2d                                     0x00006f31   Thumb Code    86  f2d.o(x$fpl$f2d)
    __aeabi_fadd                             0x00006f89   Thumb Code     0  faddsub_clz.o(x$fpl$fadd)
    _fadd                                    0x00006f89   Thumb Code   196  faddsub_clz.o(x$fpl$fadd)
    __fpl_fcmp_Inf                           0x0000704d   Thumb Code    24  fcmpi.o(x$fpl$fcmpinf)
    __aeabi_fdiv                             0x00007065   Thumb Code     0  fdiv.o(x$fpl$fdiv)
    _fdiv                                    0x00007065   Thumb Code   384  fdiv.o(x$fpl$fdiv)
    __aeabi_f2iz                             0x000071e9   Thumb Code     0  ffix.o(x$fpl$ffix)
    _ffix                                    0x000071e9   Thumb Code    54  ffix.o(x$fpl$ffix)
    __aeabi_f2uiz                            0x00007221   Thumb Code     0  ffixu.o(x$fpl$ffixu)
    _ffixu                                   0x00007221   Thumb Code    62  ffixu.o(x$fpl$ffixu)
    __aeabi_i2f                              0x00007261   Thumb Code     0  fflt_clz.o(x$fpl$fflt)
    _fflt                                    0x00007261   Thumb Code    48  fflt_clz.o(x$fpl$fflt)
    __aeabi_ui2f                             0x00007291   Thumb Code     0  fflt_clz.o(x$fpl$ffltu)
    _ffltu                                   0x00007291   Thumb Code    38  fflt_clz.o(x$fpl$ffltu)
    __aeabi_cfcmple                          0x000072b9   Thumb Code     0  fleqf.o(x$fpl$fleqf)
    _fcmple                                  0x000072b9   Thumb Code   104  fleqf.o(x$fpl$fleqf)
    __fpl_fcmple_InfNaN                      0x0000730b   Thumb Code     0  fleqf.o(x$fpl$fleqf)
    __aeabi_fmul                             0x00007321   Thumb Code     0  fmul.o(x$fpl$fmul)
    _fmul                                    0x00007321   Thumb Code   258  fmul.o(x$fpl$fmul)
    __fpl_fnaninf                            0x00007423   Thumb Code   140  fnaninf.o(x$fpl$fnaninf)
    __fpl_fretinf                            0x000074af   Thumb Code    10  fretinf.o(x$fpl$fretinf)
    __aeabi_cfrcmple                         0x000074b9   Thumb Code     0  frleqf.o(x$fpl$frleqf)
    _frcmple                                 0x000074b9   Thumb Code    98  frleqf.o(x$fpl$frleqf)
    __aeabi_fsub                             0x0000751d   Thumb Code     0  faddsub_clz.o(x$fpl$fsub)
    _fsub                                    0x0000751d   Thumb Code   234  faddsub_clz.o(x$fpl$fsub)
    _printf_fp_dec                           0x00007607   Thumb Code     4  printf1.o(x$fpl$printf1)
    __I$use$fp                               0x0000760a   Number         0  usenofp.o(x$fpl$usenofp)
    Region$$Table$$Base                      0x000079d8   Number         0  anon$$obj.o(Region$$Table)
    Region$$Table$$Limit                     0x000079f8   Number         0  anon$$obj.o(Region$$Table)
    SystemCoreClock                          0x20000000   Data           4  system_arty_cm3.o(.data)
    Xil_AssertStatus                         0x20000004   Data           4  xil_assert.o(.data)
    Xil_AssertWait                           0x20000008   Data           4  xil_assert.o(.data)
    IO_PRINTER_FLAG                          0x20000010   Data           1  gpio.o(.data)
    UARTSendBuffer                           0x20000024   Data           1  uart.o(.data)
    UARTSendBuffer_1                         0x20000025   Data           1  uart.o(.data)
    UARTReceiveBuffer                        0x20000026   Data           1  uart.o(.data)
    UARTReceiveBuffer_1                      0x20000027   Data           1  uart.o(.data)
    UARTReceiveBuffer_2                      0x20000028   Data           1  uart.o(.data)
    UART_SENDEND                             0x20000029   Data           3  uart.o(.data)
    UART_HMI_RCV_BUFFER                      0x2000002c   Data           1  uart.o(.data)
    UART_HMI_FLAG                            0x2000002d   Data           1  uart.o(.data)
    XGpio_ConfigTable                        0x2000003c   Data          64  xgpio_g.o(.data)
    XSpi_ConfigTable                         0x2000007c   Data         112  xspi_g.o(.data)
    XUartLite_ConfigTable                    0x200000ec   Data          32  xuartlite_g.o(.data)
    ROLL                                     0x20000110   Data           4  exin_mpu6050_gyxx.o(.data)
    PITCH                                    0x20000114   Data           4  exin_mpu6050_gyxx.o(.data)
    YAW                                      0x20000118   Data           4  exin_mpu6050_gyxx.o(.data)
    Wx                                       0x2000011c   Data           4  exin_mpu6050_gyxx.o(.data)
    Wy                                       0x20000120   Data           4  exin_mpu6050_gyxx.o(.data)
    Wz                                       0x20000124   Data           4  exin_mpu6050_gyxx.o(.data)
    Ax                                       0x20000128   Data           4  exin_mpu6050_gyxx.o(.data)
    Ay                                       0x2000012c   Data           4  exin_mpu6050_gyxx.o(.data)
    Az                                       0x20000130   Data           4  exin_mpu6050_gyxx.o(.data)
    MPU_FLAG                                 0x20000134   Data           1  exin_mpu6050_gyxx.o(.data)
    DHT_WETH                                 0x20000138   Data           4  exin_dht11.o(.data)
    DHT_WETL                                 0x2000013c   Data           4  exin_dht11.o(.data)
    DHT_TMPH                                 0x20000140   Data           4  exin_dht11.o(.data)
    DHT_TMPL                                 0x20000144   Data           4  exin_dht11.o(.data)
    mean_heart                               0x20000148   Data           4  exin_heartfre2.o(.data)
    he_max                                   0x2000014c   Data           4  exin_heartfre2.o(.data)
    he_min                                   0x20000150   Data           4  exin_heartfre2.o(.data)
    state_heb                                0x20000154   Data           4  exin_heartfre2.o(.data)
    beattime                                 0x20000158   Data           4  exin_heartfre2.o(.data)
    succ_flag                                0x2000015c   Data           1  exin_heartfre2.o(.data)
    a                                        0x20000160   Data           4  exin_heartfre2.o(.data)
    pre_heartfre                             0x20000164   Data           4  exin_heartfre2.o(.data)
    n_step                                   0x20000168   Data           4  exin_stepcounter_debug.o(.data)
    step_counter                             0x2000016c   Data           4  exin_stepcounter_debug.o(.data)
    STEPCOUNTER_MIXVALUE                     0x20000170   Data           8  exin_stepcounter_debug.o(.data)
    PULL_UP                                  0x20000178   Data           4  exin_stepcounter_debug.o(.data)
    JMP_UP                                   0x2000017c   Data           4  exin_stepcounter_debug.o(.data)
    state                                    0x20000180   Data           4  exin_stepcounter_debug.o(.data)
    state1                                   0x20000184   Data           4  exin_stepcounter_debug.o(.data)
    move_step                                0x20000188   Data           4  exin_stepcounter_debug.o(.data)
    move_time0                               0x2000018c   Data           4  exin_stepcounter_debug.o(.data)
    move_time1                               0x20000190   Data           4  exin_stepcounter_debug.o(.data)
    step_time                                0x20000194   Data           4  exin_stepcounter_debug.o(.data)
    step_state                               0x20000198   Data           4  exin_stepcounter_debug.o(.data)
    step_up                                  0x2000019c   Data           4  exin_stepcounter_debug.o(.data)
    move_sum                                 0x200001a0   Data           4  exin_stepcounter_debug.o(.data)
    HMI_num                                  0x200001a4   Data           4  exin_hmi.o(.data)
    i                                        0x200001a8   Data           4  exin_hmi.o(.data)
    numget                                   0x200001ac   Data           4  exin_hmi.o(.data)
    ID_PAGE                                  0x200001b0   Data           1  exin_hmi.o(.data)
    pre_ID_PAGE                              0x200001b1   Data           1  exin_hmi.o(.data)
    ID_BUTTON                                0x200001b4   Data           4  exin_hmi.o(.data)
    ID_BUTTON_NUM                            0x200001b8   Data           4  exin_hmi.o(.data)
    rec_flag                                 0x200001bc   Data           1  exin_hmi.o(.data)
    indexI                                   0x200001bd   Data           1  exin_hmi.o(.data)
    heartb                                   0x200001c0   Data           4  exin_hmi.o(.data)
    heartfre                                 0x200001c4   Data           4  exin_hmi.o(.data)
    disx                                     0x200001c8   Data           4  exin_hmi.o(.data)
    PAGE4_init                               0x200001cc   Data           1  exin_hmi.o(.data)
    ball_x                                   0x200001d0   Data           4  exin_hmi.o(.data)
    ball_y                                   0x200001d4   Data           4  exin_hmi.o(.data)
    pre_ballx                                0x200001d8   Data           4  exin_hmi.o(.data)
    pre_bally                                0x200001dc   Data           4  exin_hmi.o(.data)
    ball_step                                0x200001e0   Data           4  exin_hmi.o(.data)
    ball_cnt                                 0x200001e4   Data           4  exin_hmi.o(.data)
    pre_Ay                                   0x200001e8   Data           4  exin_hmi.o(.data)
    now_page                                 0x200001ec   Data           4  exin_hmi.o(.data)
    sleep_time                               0x200001f0   Data           4  exin_hmi.o(.data)
    show_dim                                 0x200001f4   Data           1  exin_hmi.o(.data)
    LED_num                                  0x200001f8   Data           4  exin_hmi.o(.data)
    LED_ID                                   0x200001fc   Data           4  exin_hmi.o(.data)
    BLE_FLAG                                 0x20000200   Data           1  exin_hmi.o(.data)
    UART_BT_DATA                             0x20000204   Data          40  main.o(.bss)
    UART_HMI_RCV_BUFFER_ALL                  0x20000560   Data          20  uart.o(.bss)
    UART_HMI_RCV                             0x20000574   Data          20  uart.o(.bss)
    herat_num                                0x20000588   Data        4096  exin_heartfre2.o(.bss)
    screen                                   0x20001588   Data          52  exin_hmi.o(.bss)
    __libspace_start                         0x200015bc   Data          96  libspace.o(.bss)
    __temporary_stack_top$libspace           0x2000161c   Data           0  libspace.o(.bss)



==============================================================================

Memory Map of the image

  Image Entry point : 0x000001e5

  Load Region LR_IROM1 (Base: 0x00000000, Size: 0x00007c18, Max: 0x00008000, ABSOLUTE, COMPRESSED[0x00007a7c])

    Execution Region ER_IROM1 (Base: 0x00000000, Size: 0x00007a14, Max: 0x00008000, ABSOLUTE)

    Base Addr    Size         Type   Attr      Idx    E Section Name        Object

    0x00000000   0x000000c0   Data   RO           49    RESET               startup_arty_cm3.o
    0x000000c0   0x00000008   Code   RO         1165  * !!!main             c_w.l(__main.o)
    0x000000c8   0x00000034   Code   RO         1455    !!!scatter          c_w.l(__scatter.o)
    0x000000fc   0x0000005a   Code   RO         1453    !!dczerorl2         c_w.l(__dczerorl2.o)
    0x00000156   0x00000002   PAD
    0x00000158   0x0000001c   Code   RO         1457    !!handler_zi        c_w.l(__scatter_zi.o)
    0x00000174   0x00000000   Code   RO         1154    .ARM.Collect$$_printf_percent$$00000000  c_w.l(_printf_percent.o)
    0x00000174   0x00000006   Code   RO         1153    .ARM.Collect$$_printf_percent$$00000003  c_w.l(_printf_f.o)
    0x0000017a   0x00000006   Code   RO         1151    .ARM.Collect$$_printf_percent$$00000008  c_w.l(_printf_i.o)
    0x00000180   0x00000006   Code   RO         1152    .ARM.Collect$$_printf_percent$$00000009  c_w.l(_printf_d.o)
    0x00000186   0x00000006   Code   RO         1150    .ARM.Collect$$_printf_percent$$0000000C  c_w.l(_printf_x.o)
    0x0000018c   0x00000006   Code   RO         1149    .ARM.Collect$$_printf_percent$$00000014  c_w.l(_printf_s.o)
    0x00000192   0x00000004   Code   RO         1240    .ARM.Collect$$_printf_percent$$00000017  c_w.l(_printf_percent_end.o)
    0x00000196   0x00000002   Code   RO         1326    .ARM.Collect$$libinit$$00000000  c_w.l(libinit.o)
    0x00000198   0x00000000   Code   RO         1328    .ARM.Collect$$libinit$$00000002  c_w.l(libinit2.o)
    0x00000198   0x00000000   Code   RO         1330    .ARM.Collect$$libinit$$00000004  c_w.l(libinit2.o)
    0x00000198   0x00000000   Code   RO         1333    .ARM.Collect$$libinit$$0000000A  c_w.l(libinit2.o)
    0x00000198   0x00000000   Code   RO         1335    .ARM.Collect$$libinit$$0000000C  c_w.l(libinit2.o)
    0x00000198   0x00000000   Code   RO         1337    .ARM.Collect$$libinit$$0000000E  c_w.l(libinit2.o)
    0x00000198   0x00000006   Code   RO         1338    .ARM.Collect$$libinit$$0000000F  c_w.l(libinit2.o)
    0x0000019e   0x00000000   Code   RO         1340    .ARM.Collect$$libinit$$00000011  c_w.l(libinit2.o)
    0x0000019e   0x00000000   Code   RO         1342    .ARM.Collect$$libinit$$00000013  c_w.l(libinit2.o)
    0x0000019e   0x00000000   Code   RO         1344    .ARM.Collect$$libinit$$00000015  c_w.l(libinit2.o)
    0x0000019e   0x0000000a   Code   RO         1345    .ARM.Collect$$libinit$$00000016  c_w.l(libinit2.o)
    0x000001a8   0x00000000   Code   RO         1346    .ARM.Collect$$libinit$$00000017  c_w.l(libinit2.o)
    0x000001a8   0x00000000   Code   RO         1348    .ARM.Collect$$libinit$$00000019  c_w.l(libinit2.o)
    0x000001a8   0x00000000   Code   RO         1350    .ARM.Collect$$libinit$$0000001B  c_w.l(libinit2.o)
    0x000001a8   0x00000000   Code   RO         1352    .ARM.Collect$$libinit$$0000001D  c_w.l(libinit2.o)
    0x000001a8   0x00000000   Code   RO         1354    .ARM.Collect$$libinit$$0000001F  c_w.l(libinit2.o)
    0x000001a8   0x00000000   Code   RO         1356    .ARM.Collect$$libinit$$00000021  c_w.l(libinit2.o)
    0x000001a8   0x00000000   Code   RO         1358    .ARM.Collect$$libinit$$00000023  c_w.l(libinit2.o)
    0x000001a8   0x00000000   Code   RO         1360    .ARM.Collect$$libinit$$00000025  c_w.l(libinit2.o)
    0x000001a8   0x00000000   Code   RO         1364    .ARM.Collect$$libinit$$0000002C  c_w.l(libinit2.o)
    0x000001a8   0x00000000   Code   RO         1366    .ARM.Collect$$libinit$$0000002E  c_w.l(libinit2.o)
    0x000001a8   0x00000000   Code   RO         1368    .ARM.Collect$$libinit$$00000030  c_w.l(libinit2.o)
    0x000001a8   0x00000000   Code   RO         1370    .ARM.Collect$$libinit$$00000032  c_w.l(libinit2.o)
    0x000001a8   0x00000002   Code   RO         1371    .ARM.Collect$$libinit$$00000033  c_w.l(libinit2.o)
    0x000001aa   0x00000002   Code   RO         1401    .ARM.Collect$$libshutdown$$00000000  c_w.l(libshutdown.o)
    0x000001ac   0x00000000   Code   RO         1412    .ARM.Collect$$libshutdown$$00000002  c_w.l(libshutdown2.o)
    0x000001ac   0x00000000   Code   RO         1414    .ARM.Collect$$libshutdown$$00000004  c_w.l(libshutdown2.o)
    0x000001ac   0x00000000   Code   RO         1417    .ARM.Collect$$libshutdown$$00000007  c_w.l(libshutdown2.o)
    0x000001ac   0x00000000   Code   RO         1420    .ARM.Collect$$libshutdown$$0000000A  c_w.l(libshutdown2.o)
    0x000001ac   0x00000000   Code   RO         1422    .ARM.Collect$$libshutdown$$0000000C  c_w.l(libshutdown2.o)
    0x000001ac   0x00000000   Code   RO         1425    .ARM.Collect$$libshutdown$$0000000F  c_w.l(libshutdown2.o)
    0x000001ac   0x00000002   Code   RO         1426    .ARM.Collect$$libshutdown$$00000010  c_w.l(libshutdown2.o)
    0x000001ae   0x00000000   Code   RO         1229    .ARM.Collect$$rtentry$$00000000  c_w.l(__rtentry.o)
    0x000001ae   0x00000000   Code   RO         1255    .ARM.Collect$$rtentry$$00000002  c_w.l(__rtentry2.o)
    0x000001ae   0x00000006   Code   RO         1267    .ARM.Collect$$rtentry$$00000004  c_w.l(__rtentry4.o)
    0x000001b4   0x00000000   Code   RO         1257    .ARM.Collect$$rtentry$$00000009  c_w.l(__rtentry2.o)
    0x000001b4   0x00000004   Code   RO         1258    .ARM.Collect$$rtentry$$0000000A  c_w.l(__rtentry2.o)
    0x000001b8   0x00000000   Code   RO         1260    .ARM.Collect$$rtentry$$0000000C  c_w.l(__rtentry2.o)
    0x000001b8   0x00000008   Code   RO         1261    .ARM.Collect$$rtentry$$0000000D  c_w.l(__rtentry2.o)
    0x000001c0   0x00000002   Code   RO         1372    .ARM.Collect$$rtexit$$00000000  c_w.l(rtexit.o)
    0x000001c2   0x00000000   Code   RO         1379    .ARM.Collect$$rtexit$$00000002  c_w.l(rtexit2.o)
    0x000001c2   0x00000004   Code   RO         1380    .ARM.Collect$$rtexit$$00000003  c_w.l(rtexit2.o)
    0x000001c6   0x00000006   Code   RO         1381    .ARM.Collect$$rtexit$$00000004  c_w.l(rtexit2.o)
    0x000001cc   0x00000018   Code   RO            3    .text               system_arty_cm3.o
    0x000001e4   0x00000040   Code   RO           50  * .text               startup_arty_cm3.o
    0x00000224   0x00000014   Code   RO           54    .text               outbyte.o
    0x00000238   0x00000016   Code   RO          109    .text               print.o
    0x0000024e   0x00000002   PAD
    0x00000250   0x00000034   Code   RO          136    .text               xil_assert.o
    0x00000284   0x00000884   Code   RO          159    .text               main.o
    0x00000b08   0x0000000c   Code   RO          291    .text               atomic_asm.o
    0x00000b14   0x0000001c   Code   RO          294    .text               atomic.o
    0x00000b30   0x00000324   Code   RO          308    .text               gpio.o
    0x00000e54   0x00000308   Code   RO          345    .text               spi.o
    0x0000115c   0x00000330   Code   RO          392    .text               uart.o
    0x0000148c   0x00000240   Code   RO          434    .text               xgpio.o
    0x000016cc   0x00000348   Code   RO          482    .text               xgpio_intr.o
    0x00001a14   0x00000074   Code   RO          508    .text               xgpio_sinit.o
    0x00001a88   0x00000a78   Code   RO          521    .text               xspi.o
    0x00002500   0x00000074   Code   RO          581    .text               xspi_sinit.o
    0x00002574   0x000003c4   Code   RO          608    .text               xuartlite.o
    0x00002938   0x00000210   Code   RO          640    .text               xuartlite_intr.o
    0x00002b48   0x00000030   Code   RO          653    .text               xuartlite_l.o
    0x00002b78   0x00000070   Code   RO          681    .text               xuartlite_sinit.o
    0x00002be8   0x000000d4   Code   RO          694    .text               xuartlite_stats.o
    0x00002cbc   0x000000f0   Code   RO          707    .text               exin_timer.o
    0x00002dac   0x00000048   Code   RO          742    .text               exin_beep.o
    0x00002df4   0x000003c0   Code   RO          775    .text               exin_mpu6050_gyxx.o
    0x000031b4   0x0000002c   Code   RO          812    .text               exin_adc0832.o
    0x000031e0   0x00000050   Code   RO          839    .text               exin_maxmin2.o
    0x00003230   0x00000068   Code   RO          866    .text               exin_dht11.o
    0x00003298   0x000000fc   Code   RO          900    .text               exin_heartfre2.o
    0x00003394   0x00000010   Code   RO          935    .text               breath_led.o
    0x000033a4   0x000000fc   Code   RO          962    .text               exin_stepcounter_debug.o
    0x000034a0   0x000003b0   Code   RO          996    .text               exin_noliner2.o
    0x00003850   0x00000054   Code   RO         1023    .text               exin_io_printer.o
    0x000038a4   0x000018b8   Code   RO         1050    .text               exin_hmi.o
    0x0000515c   0x00000068   Code   RO         1069    .text               exin_hmitx.o
    0x000051c4   0x00000028   Code   RO         1100    .text               c_w.l(noretval__2sprintf.o)
    0x000051ec   0x00000052   Code   RO         1104    .text               c_w.l(_printf_str.o)
    0x0000523e   0x00000002   PAD
    0x00005240   0x00000078   Code   RO         1106    .text               c_w.l(_printf_dec.o)
    0x000052b8   0x00000058   Code   RO         1111    .text               c_w.l(_printf_hex_int.o)
    0x00005310   0x0000010e   Code   RO         1137    .text               c_w.l(__printf_wp.o)
    0x0000541e   0x00000048   Code   RO         1155    .text               c_w.l(strcpy.o)
    0x00005466   0x0000003e   Code   RO         1157    .text               c_w.l(strlen.o)
    0x000054a4   0x00000064   Code   RO         1159    .text               c_w.l(rt_memcpy_w.o)
    0x00005508   0x0000004e   Code   RO         1161    .text               c_w.l(rt_memclr_w.o)
    0x00005556   0x00000006   Code   RO         1163    .text               c_w.l(heapauxi.o)
    0x0000555c   0x000000b2   Code   RO         1230    .text               c_w.l(_printf_intcommon.o)
    0x0000560e   0x0000041a   Code   RO         1232    .text               c_w.l(_printf_fp_dec.o)
    0x00005a28   0x00000030   Code   RO         1234    .text               c_w.l(_printf_char_common.o)
    0x00005a58   0x0000000a   Code   RO         1236    .text               c_w.l(_sputc.o)
    0x00005a62   0x0000002c   Code   RO         1238    .text               c_w.l(_printf_char.o)
    0x00005a8e   0x00000002   PAD
    0x00005a90   0x00000008   Code   RO         1272    .text               c_w.l(rt_locale_intlibspace.o)
    0x00005a98   0x0000008a   Code   RO         1274    .text               c_w.l(lludiv10.o)
    0x00005b22   0x00000002   PAD
    0x00005b24   0x00000080   Code   RO         1276    .text               c_w.l(_printf_fp_infnan.o)
    0x00005ba4   0x000000dc   Code   RO         1280    .text               c_w.l(bigflt0.o)
    0x00005c80   0x00000008   Code   RO         1312    .text               c_w.l(libspace.o)
    0x00005c88   0x0000004a   Code   RO         1315    .text               c_w.l(sys_stackheap_outer.o)
    0x00005cd2   0x00000012   Code   RO         1317    .text               c_w.l(exit.o)
    0x00005ce4   0x00000080   Code   RO         1319    .text               c_w.l(strcmpv7m.o)
    0x00005d64   0x0000000c   Code   RO         1391    .text               c_w.l(sys_exit.o)
    0x00005d70   0x00000002   Code   RO         1402    .text               c_w.l(use_no_semi.o)
    0x00005d72   0x00000000   Code   RO         1404    .text               c_w.l(indicate_semi.o)
    0x00005d72   0x0000003e   Code   RO         1283    CL$$btod_d2e        c_w.l(btod.o)
    0x00005db0   0x00000046   Code   RO         1285    CL$$btod_d2e_denorm_low  c_w.l(btod.o)
    0x00005df6   0x00000060   Code   RO         1284    CL$$btod_d2e_norm_op1  c_w.l(btod.o)
    0x00005e56   0x00000338   Code   RO         1293    CL$$btod_div_common  c_w.l(btod.o)
    0x0000618e   0x000000c6   Code   RO         1290    CL$$btod_e2e        c_w.l(btod.o)
    0x00006254   0x00000028   Code   RO         1287    CL$$btod_ediv       c_w.l(btod.o)
    0x0000627c   0x00000028   Code   RO         1286    CL$$btod_emul       c_w.l(btod.o)
    0x000062a4   0x00000244   Code   RO         1292    CL$$btod_mult_common  c_w.l(btod.o)
    0x000064e8   0x00000028   Code   RO         1310    i.__ARM_fpclassify  m_ws.l(fpclassify.o)
    0x00006510   0x0000000e   Code   RO         1139    i._is_digit         c_w.l(__printf_wp.o)
    0x0000651e   0x00000002   PAD
    0x00006520   0x0000002c   Code   RO         1306    locale$$code        c_w.l(lc_numeric_c.o)
    0x0000654c   0x00000062   Code   RO         1167    x$fpl$d2f           fz_ws.l(d2f.o)
    0x000065ae   0x00000002   PAD
    0x000065b0   0x00000150   Code   RO         1169    x$fpl$dadd          fz_ws.l(daddsub_clz.o)
    0x00006700   0x00000018   Code   RO         1241    x$fpl$dcmpinf       fz_ws.l(dcmpi.o)
    0x00006718   0x000002b0   Code   RO         1176    x$fpl$ddiv          fz_ws.l(ddiv.o)
    0x000069c8   0x0000005e   Code   RO         1179    x$fpl$dfix          fz_ws.l(dfix.o)
    0x00006a26   0x0000002e   Code   RO         1184    x$fpl$dflt          fz_ws.l(dflt_clz.o)
    0x00006a54   0x00000026   Code   RO         1183    x$fpl$dfltu         fz_ws.l(dflt_clz.o)
    0x00006a7a   0x00000002   PAD
    0x00006a7c   0x00000078   Code   RO         1189    x$fpl$dleqf         fz_ws.l(dleqf.o)
    0x00006af4   0x00000154   Code   RO         1191    x$fpl$dmul          fz_ws.l(dmul.o)
    0x00006c48   0x0000009c   Code   RO         1243    x$fpl$dnaninf       fz_ws.l(dnaninf.o)
    0x00006ce4   0x0000000c   Code   RO         1245    x$fpl$dretinf       fz_ws.l(dretinf.o)
    0x00006cf0   0x0000006c   Code   RO         1193    x$fpl$drleqf        fz_ws.l(drleqf.o)
    0x00006d5c   0x000001d4   Code   RO         1171    x$fpl$dsub          fz_ws.l(daddsub_clz.o)
    0x00006f30   0x00000056   Code   RO         1195    x$fpl$f2d           fz_ws.l(f2d.o)
    0x00006f86   0x00000002   PAD
    0x00006f88   0x000000c4   Code   RO         1197    x$fpl$fadd          fz_ws.l(faddsub_clz.o)
    0x0000704c   0x00000018   Code   RO         1247    x$fpl$fcmpinf       fz_ws.l(fcmpi.o)
    0x00007064   0x00000184   Code   RO         1204    x$fpl$fdiv          fz_ws.l(fdiv.o)
    0x000071e8   0x00000036   Code   RO         1207    x$fpl$ffix          fz_ws.l(ffix.o)
    0x0000721e   0x00000002   PAD
    0x00007220   0x0000003e   Code   RO         1211    x$fpl$ffixu         fz_ws.l(ffixu.o)
    0x0000725e   0x00000002   PAD
    0x00007260   0x00000030   Code   RO         1216    x$fpl$fflt          fz_ws.l(fflt_clz.o)
    0x00007290   0x00000026   Code   RO         1215    x$fpl$ffltu         fz_ws.l(fflt_clz.o)
    0x000072b6   0x00000002   PAD
    0x000072b8   0x00000068   Code   RO         1221    x$fpl$fleqf         fz_ws.l(fleqf.o)
    0x00007320   0x00000102   Code   RO         1223    x$fpl$fmul          fz_ws.l(fmul.o)
    0x00007422   0x0000008c   Code   RO         1249    x$fpl$fnaninf       fz_ws.l(fnaninf.o)
    0x000074ae   0x0000000a   Code   RO         1251    x$fpl$fretinf       fz_ws.l(fretinf.o)
    0x000074b8   0x00000062   Code   RO         1225    x$fpl$frleqf        fz_ws.l(frleqf.o)
    0x0000751a   0x00000002   PAD
    0x0000751c   0x000000ea   Code   RO         1199    x$fpl$fsub          fz_ws.l(faddsub_clz.o)
    0x00007606   0x00000004   Code   RO         1227    x$fpl$printf1       fz_ws.l(printf1.o)
    0x0000760a   0x00000000   Code   RO         1253    x$fpl$usenofp       fz_ws.l(usenofp.o)
    0x0000760a   0x00000002   PAD
    0x0000760c   0x00000020   Data   RO          161    .constdata          main.o
    0x0000762c   0x00000028   Data   RO         1112    .constdata          c_w.l(_printf_hex_int.o)
    0x00007654   0x00000094   Data   RO         1281    .constdata          c_w.l(bigflt0.o)
    0x000076e8   0x0000004b   Data   RO          435    .conststring        xgpio.o
    0x00007733   0x00000001   PAD
    0x00007734   0x00000050   Data   RO          483    .conststring        xgpio_intr.o
    0x00007784   0x00000051   Data   RO          509    .conststring        xgpio_sinit.o
    0x000077d5   0x00000003   PAD
    0x000077d8   0x00000049   Data   RO          522    .conststring        xspi.o
    0x00007821   0x00000003   PAD
    0x00007824   0x0000004f   Data   RO          582    .conststring        xspi_sinit.o
    0x00007873   0x00000001   PAD
    0x00007874   0x00000053   Data   RO          609    .conststring        xuartlite.o
    0x000078c7   0x00000001   PAD
    0x000078c8   0x00000058   Data   RO          641    .conststring        xuartlite_intr.o
    0x00007920   0x00000059   Data   RO          682    .conststring        xuartlite_sinit.o
    0x00007979   0x00000003   PAD
    0x0000797c   0x00000059   Data   RO          695    .conststring        xuartlite_stats.o
    0x000079d5   0x00000003   PAD
    0x000079d8   0x00000020   Data   RO         1451    Region$$Table       anon$$obj.o
    0x000079f8   0x0000001c   Data   RO         1305    locale$$data        c_w.l(lc_numeric_c.o)


    Execution Region RW_IRAM1 (Base: 0x20000000, Size: 0x00002620, Max: 0x00008000, ABSOLUTE, COMPRESSED[0x00000068])

    Base Addr    Size         Type   Attr      Idx    E Section Name        Object

    0x20000000   0x00000004   Data   RW            4    .data               system_arty_cm3.o
    0x20000004   0x0000000c   Data   RW          137    .data               xil_assert.o
    0x20000010   0x00000001   Data   RW          310    .data               gpio.o
    0x20000011   0x00000003   PAD
    0x20000014   0x00000025   Data   RW          394    .data               uart.o
    0x20000039   0x00000003   PAD
    0x2000003c   0x00000040   Data   RW          473    .data               xgpio_g.o
    0x2000007c   0x00000070   Data   RW          544    .data               xspi_g.o
    0x200000ec   0x00000020   Data   RW          631    .data               xuartlite_g.o
    0x2000010c   0x00000004   Data   RW          708    .data               exin_timer.o
    0x20000110   0x00000025   Data   RW          776    .data               exin_mpu6050_gyxx.o
    0x20000135   0x00000003   PAD
    0x20000138   0x00000010   Data   RW          867    .data               exin_dht11.o
    0x20000148   0x00000020   Data   RW          902    .data               exin_heartfre2.o
    0x20000168   0x0000003c   Data   RW          963    .data               exin_stepcounter_debug.o
    0x200001a4   0x00000060   Data   RW         1052    .data               exin_hmi.o
    0x20000204   0x00000028   Zero   RW          160    .bss                main.o
    0x2000022c   0x00000040   Zero   RW          309    .bss                gpio.o
    0x2000026c   0x0000025c   Zero   RW          346    .bss                spi.o
    0x200004c8   0x000000c0   Zero   RW          393    .bss                uart.o
    0x20000588   0x00001000   Zero   RW          901    .bss                exin_heartfre2.o
    0x20001588   0x00000034   Zero   RW         1051    .bss                exin_hmi.o
    0x200015bc   0x00000060   Zero   RW         1313    .bss                c_w.l(libspace.o)
    0x2000161c   0x00000004   PAD
    0x20001620   0x00000c00   Zero   RW           48    HEAP                startup_arty_cm3.o
    0x20002220   0x00000400   Zero   RW           47    STACK               startup_arty_cm3.o


==============================================================================

Image component sizes


      Code (inc. data)   RO Data    RW Data    ZI Data      Debug   Object Name

        28          0          0          0          0       1008   atomic.o
        12          0          0          0          0        232   atomic_asm.o
        16          6          0          0          0        759   breath_led.o
        44          4          0          0          0        989   exin_adc0832.o
        72         10          0          0          0       2287   exin_beep.o
       104         20          0         16          0       1368   exin_dht11.o
       252         26          0         32       4096       2725   exin_heartfre2.o
      6328       1540          0         96         52       8951   exin_hmi.o
       104          4          0          0          0       1206   exin_hmitx.o
        84          6          0          0          0       1033   exin_io_printer.o
        80          6          0          0          0       2115   exin_maxmin2.o
       960         72          0         37          0       1702   exin_mpu6050_gyxx.o
       944        154          0          0          0       3442   exin_noliner2.o
       252         40          0         60          0       1720   exin_stepcounter_debug.o
       240         14          0          4          0       2580   exin_timer.o
       804         40          0          1         64      26846   gpio.o
      2180       1016         32          0         40      28356   main.o
        20          6          0          0          0       2214   outbyte.o
        22          0          0          0          0       2712   print.o
       776         44          0          0        604      10699   spi.o
        64         26        192          0       4096        876   startup_arty_cm3.o
        24          8          0          4          0       6465   system_arty_cm3.o
       816         84          0         37        192      30221   uart.o
       576         10         75          0          0       5095   xgpio.o
         0          0          0         64          0        780   xgpio_g.o
       840         10         80          0          0       3296   xgpio_intr.o
       116         14         81          0          0       1558   xgpio_sinit.o
        52         10          0         12          0       4142   xil_assert.o
      2680         20         73          0          0      10122   xspi.o
         0          0          0        112          0        767   xspi_g.o
       116         12         79          0          0       1615   xspi_sinit.o
       964         14         83          0          0       5570   xuartlite.o
         0          0          0         32          0        820   xuartlite_g.o
       528         10         88          0          0       3244   xuartlite_intr.o
        48          0          0          0          0       1176   xuartlite_l.o
       112         14         89          0          0       1614   xuartlite_sinit.o
       212          8         89          0          0       1562   xuartlite_stats.o

    ----------------------------------------------------------------------
     20472       3248       1008        516       9144     181867   Object Totals
         0          0         32          0          0          0   (incl. Generated)
         2          0         15          9          0          0   (incl. Padding)

    ----------------------------------------------------------------------

      Code (inc. data)   RO Data    RW Data    ZI Data      Debug   Library Member Name

        90          0          0          0          0          0   __dczerorl2.o
         8          0          0          0          0         68   __main.o
       284          0          0          0          0        156   __printf_wp.o
         0          0          0          0          0          0   __rtentry.o
        12          0          0          0          0          0   __rtentry2.o
         6          0          0          0          0          0   __rtentry4.o
        52          8          0          0          0          0   __scatter.o
        28          0          0          0          0          0   __scatter_zi.o
        44          0          0          0          0        108   _printf_char.o
        48          6          0          0          0         96   _printf_char_common.o
         6          0          0          0          0          0   _printf_d.o
       120         16          0          0          0         92   _printf_dec.o
         6          0          0          0          0          0   _printf_f.o
      1050          0          0          0          0        216   _printf_fp_dec.o
       128         16          0          0          0         84   _printf_fp_infnan.o
        88          4         40          0          0         88   _printf_hex_int.o
         6          0          0          0          0          0   _printf_i.o
       178          0          0          0          0         88   _printf_intcommon.o
         0          0          0          0          0          0   _printf_percent.o
         4          0          0          0          0          0   _printf_percent_end.o
         6          0          0          0          0          0   _printf_s.o
        82          0          0          0          0         80   _printf_str.o
         6          0          0          0          0          0   _printf_x.o
        10          0          0          0          0         68   _sputc.o
       220          4        148          0          0         96   bigflt0.o
      1910        128          0          0          0        672   btod.o
        18          0          0          0          0         80   exit.o
         6          0          0          0          0        152   heapauxi.o
         0          0          0          0          0          0   indicate_semi.o
        44         10         28          0          0         76   lc_numeric_c.o
         2          0          0          0          0          0   libinit.o
        18          0          0          0          0          0   libinit2.o
         2          0          0          0          0          0   libshutdown.o
         2          0          0          0          0          0   libshutdown2.o
         8          4          0          0         96         68   libspace.o
       138          0          0          0          0         80   lludiv10.o
        40          6          0          0          0         84   noretval__2sprintf.o
         8          4          0          0          0         68   rt_locale_intlibspace.o
        78          0          0          0          0         80   rt_memclr_w.o
       100          0          0          0          0         80   rt_memcpy_w.o
         2          0          0          0          0          0   rtexit.o
        10          0          0          0          0          0   rtexit2.o
       128          0          0          0          0         68   strcmpv7m.o
        72          0          0          0          0         80   strcpy.o
        62          0          0          0          0         76   strlen.o
        12          4          0          0          0         68   sys_exit.o
        74          0          0          0          0         80   sys_stackheap_outer.o
         2          0          0          0          0         68   use_no_semi.o
        98          4          0          0          0         92   d2f.o
       804         16          0          0          0        272   daddsub_clz.o
        24          0          0          0          0         68   dcmpi.o
       688        140          0          0          0        208   ddiv.o
        94          4          0          0          0         92   dfix.o
        84          0          0          0          0        136   dflt_clz.o
       120          4          0          0          0         92   dleqf.o
       340         12          0          0          0        104   dmul.o
       156          4          0          0          0         92   dnaninf.o
        12          0          0          0          0         68   dretinf.o
       108          0          0          0          0         80   drleqf.o
        86          4          0          0          0         84   f2d.o
       430          8          0          0          0        168   faddsub_clz.o
        24          0          0          0          0         68   fcmpi.o
       388         76          0          0          0         96   fdiv.o
        54          4          0          0          0         84   ffix.o
        62          4          0          0          0         84   ffixu.o
        86          0          0          0          0        136   fflt_clz.o
       104          4          0          0          0         84   fleqf.o
       258          4          0          0          0         84   fmul.o
       140          4          0          0          0         84   fnaninf.o
        10          0          0          0          0         68   fretinf.o
        98          0          0          0          0         68   frleqf.o
         4          0          0          0          0         68   printf1.o
         0          0          0          0          0          0   usenofp.o
        40          0          0          0          0         68   fpclassify.o

    ----------------------------------------------------------------------
      9556        502        216          0        100       5668   Library Totals
        26          0          0          0          4          0   (incl. Padding)

    ----------------------------------------------------------------------

      Code (inc. data)   RO Data    RW Data    ZI Data      Debug   Library Name

      5218        210        216          0         96       3120   c_w.l
      4272        292          0          0          0       2480   fz_ws.l
        40          0          0          0          0         68   m_ws.l

    ----------------------------------------------------------------------
      9556        502        216          0        100       5668   Library Totals

    ----------------------------------------------------------------------

==============================================================================


      Code (inc. data)   RO Data    RW Data    ZI Data      Debug   

     30028       3750       1224        516       9244     182435   Grand Totals
     30028       3750       1224        104       9244     182435   ELF Image Totals (compressed)
     30028       3750       1224        104          0          0   ROM Totals

==============================================================================

    Total RO  Size (Code + RO Data)                31252 (  30.52kB)
    Total RW  Size (RW Data + ZI Data)              9760 (   9.53kB)
    Total ROM Size (Code + RO Data + RW Data)      31356 (  30.62kB)

==============================================================================

